###############################################################################
#
# IAR ELF Linker V8.40.2.214/W32 for ARM                  04/Nov/2025  10:03:48
# Copyright 2007-2019 IAR Systems AB.
#
#    Output file  =
#        D:\Saoviet_Git\Saoviet_Slave_Temp_Motor\Project_8Chanel_4-20mA_To_RS485\EWARM\Project_8Chanel_4-20mA_To_RS485\Exe\Project_8Chanel_4-20mA_To_RS485.out
#    Map file     =
#        D:\Saoviet_Git\Saoviet_Slave_Temp_Motor\Project_8Chanel_4-20mA_To_RS485\EWARM\Project_8Chanel_4-20mA_To_RS485\List\Project_8Chanel_4-20mA_To_RS485.map
#    Command line =
#        -f C:\Users\PC\AppData\Local\Temp\EW313.tmp
#        (D:\Saoviet_Git\Saoviet_Slave_Temp_Motor\Project_8Chanel_4-20mA_To_RS485\EWARM\Project_8Chanel_4-20mA_To_RS485\Obj\adc.o
#        D:\Saoviet_Git\Saoviet_Slave_Temp_Motor\Project_8Chanel_4-20mA_To_RS485\EWARM\Project_8Chanel_4-20mA_To_RS485\Obj\dma.o
#        D:\Saoviet_Git\Saoviet_Slave_Temp_Motor\Project_8Chanel_4-20mA_To_RS485\EWARM\Project_8Chanel_4-20mA_To_RS485\Obj\event_driven.o
#        D:\Saoviet_Git\Saoviet_Slave_Temp_Motor\Project_8Chanel_4-20mA_To_RS485\EWARM\Project_8Chanel_4-20mA_To_RS485\Obj\gpio.o
#        D:\Saoviet_Git\Saoviet_Slave_Temp_Motor\Project_8Chanel_4-20mA_To_RS485\EWARM\Project_8Chanel_4-20mA_To_RS485\Obj\main.o
#        D:\Saoviet_Git\Saoviet_Slave_Temp_Motor\Project_8Chanel_4-20mA_To_RS485\EWARM\Project_8Chanel_4-20mA_To_RS485\Obj\onchipflash.o
#        D:\Saoviet_Git\Saoviet_Slave_Temp_Motor\Project_8Chanel_4-20mA_To_RS485\EWARM\Project_8Chanel_4-20mA_To_RS485\Obj\queue_p.o
#        D:\Saoviet_Git\Saoviet_Slave_Temp_Motor\Project_8Chanel_4-20mA_To_RS485\EWARM\Project_8Chanel_4-20mA_To_RS485\Obj\rtc.o
#        D:\Saoviet_Git\Saoviet_Slave_Temp_Motor\Project_8Chanel_4-20mA_To_RS485\EWARM\Project_8Chanel_4-20mA_To_RS485\Obj\startup_stm32l433xx.o
#        D:\Saoviet_Git\Saoviet_Slave_Temp_Motor\Project_8Chanel_4-20mA_To_RS485\EWARM\Project_8Chanel_4-20mA_To_RS485\Obj\stm32l4xx_hal.o
#        D:\Saoviet_Git\Saoviet_Slave_Temp_Motor\Project_8Chanel_4-20mA_To_RS485\EWARM\Project_8Chanel_4-20mA_To_RS485\Obj\stm32l4xx_hal_adc.o
#        D:\Saoviet_Git\Saoviet_Slave_Temp_Motor\Project_8Chanel_4-20mA_To_RS485\EWARM\Project_8Chanel_4-20mA_To_RS485\Obj\stm32l4xx_hal_adc_ex.o
#        D:\Saoviet_Git\Saoviet_Slave_Temp_Motor\Project_8Chanel_4-20mA_To_RS485\EWARM\Project_8Chanel_4-20mA_To_RS485\Obj\stm32l4xx_hal_cortex.o
#        D:\Saoviet_Git\Saoviet_Slave_Temp_Motor\Project_8Chanel_4-20mA_To_RS485\EWARM\Project_8Chanel_4-20mA_To_RS485\Obj\stm32l4xx_hal_dma.o
#        D:\Saoviet_Git\Saoviet_Slave_Temp_Motor\Project_8Chanel_4-20mA_To_RS485\EWARM\Project_8Chanel_4-20mA_To_RS485\Obj\stm32l4xx_hal_dma_ex.o
#        D:\Saoviet_Git\Saoviet_Slave_Temp_Motor\Project_8Chanel_4-20mA_To_RS485\EWARM\Project_8Chanel_4-20mA_To_RS485\Obj\stm32l4xx_hal_exti.o
#        D:\Saoviet_Git\Saoviet_Slave_Temp_Motor\Project_8Chanel_4-20mA_To_RS485\EWARM\Project_8Chanel_4-20mA_To_RS485\Obj\stm32l4xx_hal_flash.o
#        D:\Saoviet_Git\Saoviet_Slave_Temp_Motor\Project_8Chanel_4-20mA_To_RS485\EWARM\Project_8Chanel_4-20mA_To_RS485\Obj\stm32l4xx_hal_flash_ex.o
#        D:\Saoviet_Git\Saoviet_Slave_Temp_Motor\Project_8Chanel_4-20mA_To_RS485\EWARM\Project_8Chanel_4-20mA_To_RS485\Obj\stm32l4xx_hal_flash_ramfunc.o
#        D:\Saoviet_Git\Saoviet_Slave_Temp_Motor\Project_8Chanel_4-20mA_To_RS485\EWARM\Project_8Chanel_4-20mA_To_RS485\Obj\stm32l4xx_hal_gpio.o
#        D:\Saoviet_Git\Saoviet_Slave_Temp_Motor\Project_8Chanel_4-20mA_To_RS485\EWARM\Project_8Chanel_4-20mA_To_RS485\Obj\stm32l4xx_hal_i2c.o
#        D:\Saoviet_Git\Saoviet_Slave_Temp_Motor\Project_8Chanel_4-20mA_To_RS485\EWARM\Project_8Chanel_4-20mA_To_RS485\Obj\stm32l4xx_hal_i2c_ex.o
#        D:\Saoviet_Git\Saoviet_Slave_Temp_Motor\Project_8Chanel_4-20mA_To_RS485\EWARM\Project_8Chanel_4-20mA_To_RS485\Obj\stm32l4xx_hal_msp.o
#        D:\Saoviet_Git\Saoviet_Slave_Temp_Motor\Project_8Chanel_4-20mA_To_RS485\EWARM\Project_8Chanel_4-20mA_To_RS485\Obj\stm32l4xx_hal_pwr.o
#        D:\Saoviet_Git\Saoviet_Slave_Temp_Motor\Project_8Chanel_4-20mA_To_RS485\EWARM\Project_8Chanel_4-20mA_To_RS485\Obj\stm32l4xx_hal_pwr_ex.o
#        D:\Saoviet_Git\Saoviet_Slave_Temp_Motor\Project_8Chanel_4-20mA_To_RS485\EWARM\Project_8Chanel_4-20mA_To_RS485\Obj\stm32l4xx_hal_rcc.o
#        D:\Saoviet_Git\Saoviet_Slave_Temp_Motor\Project_8Chanel_4-20mA_To_RS485\EWARM\Project_8Chanel_4-20mA_To_RS485\Obj\stm32l4xx_hal_rcc_ex.o
#        D:\Saoviet_Git\Saoviet_Slave_Temp_Motor\Project_8Chanel_4-20mA_To_RS485\EWARM\Project_8Chanel_4-20mA_To_RS485\Obj\stm32l4xx_hal_rtc.o
#        D:\Saoviet_Git\Saoviet_Slave_Temp_Motor\Project_8Chanel_4-20mA_To_RS485\EWARM\Project_8Chanel_4-20mA_To_RS485\Obj\stm32l4xx_hal_rtc_ex.o
#        D:\Saoviet_Git\Saoviet_Slave_Temp_Motor\Project_8Chanel_4-20mA_To_RS485\EWARM\Project_8Chanel_4-20mA_To_RS485\Obj\stm32l4xx_hal_uart.o
#        D:\Saoviet_Git\Saoviet_Slave_Temp_Motor\Project_8Chanel_4-20mA_To_RS485\EWARM\Project_8Chanel_4-20mA_To_RS485\Obj\stm32l4xx_hal_uart_ex.o
#        D:\Saoviet_Git\Saoviet_Slave_Temp_Motor\Project_8Chanel_4-20mA_To_RS485\EWARM\Project_8Chanel_4-20mA_To_RS485\Obj\stm32l4xx_it.o
#        D:\Saoviet_Git\Saoviet_Slave_Temp_Motor\Project_8Chanel_4-20mA_To_RS485\EWARM\Project_8Chanel_4-20mA_To_RS485\Obj\system_stm32l4xx.o
#        D:\Saoviet_Git\Saoviet_Slave_Temp_Motor\Project_8Chanel_4-20mA_To_RS485\EWARM\Project_8Chanel_4-20mA_To_RS485\Obj\usart.o
#        D:\Saoviet_Git\Saoviet_Slave_Temp_Motor\Project_8Chanel_4-20mA_To_RS485\EWARM\Project_8Chanel_4-20mA_To_RS485\Obj\user_adv_trace.o
#        D:\Saoviet_Git\Saoviet_Slave_Temp_Motor\Project_8Chanel_4-20mA_To_RS485\EWARM\Project_8Chanel_4-20mA_To_RS485\Obj\user_app_comm.o
#        D:\Saoviet_Git\Saoviet_Slave_Temp_Motor\Project_8Chanel_4-20mA_To_RS485\EWARM\Project_8Chanel_4-20mA_To_RS485\Obj\user_app_modbus_rtu.o
#        D:\Saoviet_Git\Saoviet_Slave_Temp_Motor\Project_8Chanel_4-20mA_To_RS485\EWARM\Project_8Chanel_4-20mA_To_RS485\Obj\user_app_rs485.o
#        D:\Saoviet_Git\Saoviet_Slave_Temp_Motor\Project_8Chanel_4-20mA_To_RS485\EWARM\Project_8Chanel_4-20mA_To_RS485\Obj\user_app_sensor.o
#        D:\Saoviet_Git\Saoviet_Slave_Temp_Motor\Project_8Chanel_4-20mA_To_RS485\EWARM\Project_8Chanel_4-20mA_To_RS485\Obj\user_at_serial.o
#        D:\Saoviet_Git\Saoviet_Slave_Temp_Motor\Project_8Chanel_4-20mA_To_RS485\EWARM\Project_8Chanel_4-20mA_To_RS485\Obj\user_convert_variable.o
#        D:\Saoviet_Git\Saoviet_Slave_Temp_Motor\Project_8Chanel_4-20mA_To_RS485\EWARM\Project_8Chanel_4-20mA_To_RS485\Obj\user_internal_mem.o
#        D:\Saoviet_Git\Saoviet_Slave_Temp_Motor\Project_8Chanel_4-20mA_To_RS485\EWARM\Project_8Chanel_4-20mA_To_RS485\Obj\user_mem_comm.o
#        D:\Saoviet_Git\Saoviet_Slave_Temp_Motor\Project_8Chanel_4-20mA_To_RS485\EWARM\Project_8Chanel_4-20mA_To_RS485\Obj\user_modbus_rtu.o
#        D:\Saoviet_Git\Saoviet_Slave_Temp_Motor\Project_8Chanel_4-20mA_To_RS485\EWARM\Project_8Chanel_4-20mA_To_RS485\Obj\user_obis_sv.o
#        D:\Saoviet_Git\Saoviet_Slave_Temp_Motor\Project_8Chanel_4-20mA_To_RS485\EWARM\Project_8Chanel_4-20mA_To_RS485\Obj\user_rs485.o
#        D:\Saoviet_Git\Saoviet_Slave_Temp_Motor\Project_8Chanel_4-20mA_To_RS485\EWARM\Project_8Chanel_4-20mA_To_RS485\Obj\user_rtc.o
#        D:\Saoviet_Git\Saoviet_Slave_Temp_Motor\Project_8Chanel_4-20mA_To_RS485\EWARM\Project_8Chanel_4-20mA_To_RS485\Obj\user_string.o
#        D:\Saoviet_Git\Saoviet_Slave_Temp_Motor\Project_8Chanel_4-20mA_To_RS485\EWARM\Project_8Chanel_4-20mA_To_RS485\Obj\user_time.o
#        D:\Saoviet_Git\Saoviet_Slave_Temp_Motor\Project_8Chanel_4-20mA_To_RS485\EWARM\Project_8Chanel_4-20mA_To_RS485\Obj\user_timer.o
#        D:\Saoviet_Git\Saoviet_Slave_Temp_Motor\Project_8Chanel_4-20mA_To_RS485\EWARM\Project_8Chanel_4-20mA_To_RS485\Obj\user_tiny_vsnprintf.o
#        D:\Saoviet_Git\Saoviet_Slave_Temp_Motor\Project_8Chanel_4-20mA_To_RS485\EWARM\Project_8Chanel_4-20mA_To_RS485\Obj\user_uart.o
#        D:\Saoviet_Git\Saoviet_Slave_Temp_Motor\Project_8Chanel_4-20mA_To_RS485\EWARM\Project_8Chanel_4-20mA_To_RS485\Obj\user_util.o
#        --no_out_extension -o
#        D:\Saoviet_Git\Saoviet_Slave_Temp_Motor\Project_8Chanel_4-20mA_To_RS485\EWARM\Project_8Chanel_4-20mA_To_RS485\Exe\Project_8Chanel_4-20mA_To_RS485.out
#        --redirect _Printf=_PrintfFullNoMb --redirect _Scanf=_ScanfFullNoMb
#        --map
#        D:\Saoviet_Git\Saoviet_Slave_Temp_Motor\Project_8Chanel_4-20mA_To_RS485\EWARM\Project_8Chanel_4-20mA_To_RS485\List\Project_8Chanel_4-20mA_To_RS485.map
#        --config
#        D:\Saoviet_Git\Saoviet_Slave_Temp_Motor\Project_8Chanel_4-20mA_To_RS485\EWARM/stm32l433xx_flash.icf
#        --semihosting --entry __iar_program_start --vfe --text_out locale)
#
###############################################################################

*******************************************************************************
*** RUNTIME MODEL ATTRIBUTES
***

CppFlavor       = *
__Heap_Handler  = DLMalloc
__SystemLibrary = DLib
__dlib_version  = 6


*******************************************************************************
*** HEAP SELECTION
***

The advanced heap was selected because the application calls memory
allocation functions outside of system library functions, and there
are calls to deallocation functions in the application.


*******************************************************************************
*** PLACEMENT SUMMARY
***

"A0":  place at address 0x800'0000 { ro section .intvec };
"P1":  place in [from 0x800'0000 to 0x803'ffff] { ro };
define block CSTACK with size = 1K, alignment = 8 { };
define block HEAP with size = 512, alignment = 8 { };
"P2":  place in [from 0x2000'0000 to 0x2000'ffff] {
          rw, block CSTACK, block HEAP };
initialize by copy { rw };

  Section            Kind         Address    Size  Object
  -------            ----         -------    ----  ------
"A0":                                       0x18c
  .intvec            ro code   0x800'0000   0x18c  startup_stm32l433xx.o [1]
                             - 0x800'018c   0x18c

"P1":                                      0x7ec7
  .text              ro code   0x800'018c   0xfc6  xprintffull_nomb.o [2]
  .text              ro code   0x800'1152    0x3a  zero_init3.o [4]
  .text              ro code   0x800'118c    0x16  strchr.o [4]
  .text              ro code   0x800'11a2     0xa  xsprout.o [2]
  .text              ro code   0x800'11ac    0x40  xfail_s.o [2]
  .text              ro code   0x800'11ec    0x14  strlen_small.o [4]
  .text              ro code   0x800'1200    0x58  memchr.o [4]
  .text              ro code   0x800'1258    0x18  ABImemcpy_small.o [4]
  .text              ro code   0x800'1270    0x70  frexp.o [3]
  .text              ro code   0x800'12e0    0x2e  DblCmpLe.o [3]
  .rodata            const     0x800'130e     0x2  xlocale_c.o [2]
  .text              ro code   0x800'1310    0x2e  DblCmpGe.o [3]
  .rodata            const     0x800'133e     0x1  xlocale_c.o [2]
  .text              ro code   0x800'1340   0x13a  ldexp.o [3]
  .text              ro code   0x800'147c    0x3a  DblToS32.o [3]
  .text              ro code   0x800'14b8    0x22  S32ToDbl.o [3]
  .text              ro code   0x800'14dc    0xe2  DblSub.o [3]
  .text              ro code   0x800'15c0   0x246  DblDiv.o [3]
  .text              ro code   0x800'1808    0x28  DblToU32.o [3]
  .text              ro code   0x800'1830    0x1a  U32ToDbl.o [3]
  .text              ro code   0x800'184c   0x1a2  DblMul.o [3]
  .text              ro code   0x800'19f0     0x8  xlocale_c.o [2]
  .text              ro code   0x800'19f8   0x106  I64DivMod_small.o [4]
  .text              ro code   0x800'1afe     0x6  abort.o [2]
  .text              ro code   0x800'1b04   0x16a  DblAdd.o [3]
  .text              ro code   0x800'1c70     0x2  I64DivZer.o [4]
  .text              ro code   0x800'1c74    0x14  exit.o [5]
  .text              ro code   0x800'1c88   0xcd6  stm32l4xx_hal_uart.o [1]
  .text              ro code   0x800'2960   0x21c  usart.o [1]
  .text              ro code   0x800'2b7c     0xc  stm32l4xx_hal.o [1]
  .text              ro code   0x800'2b88   0x346  stm32l4xx_hal_dma.o [1]
  .text              ro code   0x800'2ed0    0xf4  user_uart.o [1]
  .text              ro code   0x800'2fc4    0x56  stm32l4xx_hal_uart_ex.o [1]
  .text              ro code   0x800'301a     0x2  stm32l4xx_hal_uart.o [1]
  .text              ro code   0x800'301c   0x740  stm32l4xx_hal_rcc.o [1]
  .text              ro code   0x800'375c     0x2  stm32l4xx_hal_uart.o [1]
  .text              ro code   0x800'375e    0xa6  main.o [1]
  .text              ro code   0x800'3804    0x14  memset.o [4]
  .text              ro code   0x800'3818   0x3ac  stm32l4xx_hal_rcc_ex.o [1]
  .text              ro code   0x800'3bc4   0x2a8  stm32l4xx_hal_gpio.o [1]
  .text              ro code   0x800'3e6c    0xe8  stm32l4xx_hal_cortex.o [1]
  .text              ro code   0x800'3f54   0x3cc  user_app_comm.o [1]
  .text              ro code   0x800'4320    0x68  user_rs485.o [1]
  .text              ro code   0x800'4388    0x24  event_driven.o [1]
  .text              ro code   0x800'43ac   0x19e  user_adv_trace.o [1]
  .text              ro code   0x800'454c    0x44  stm32l4xx_hal.o [1]
  .text              ro code   0x800'4590    0x84  stm32l4xx_hal_pwr_ex.o [1]
  .text              ro code   0x800'4614    0x1e  stm32l4xx_hal.o [1]
  .text              ro code   0x800'4634    0xa0  gpio.o [1]
  .text              ro code   0x800'46d4    0x50  dma.o [1]
  .text              ro code   0x800'4724   0x258  adc.o [1]
  .text              ro code   0x800'497c   0x10c  rtc.o [1]
  .text              ro code   0x800'4a88     0x6  ABImemclr4.o [4]
  .text              ro code   0x800'4a90    0x12  ABImemset_small.o [4]
  .text              ro code   0x800'4aa4   0x220  user_timer.o [1]
  .text              ro code   0x800'4cc4    0x88  user_util.o [1]
  .text              ro code   0x800'4d4c    0xfc  user_at_serial.o [1]
  .text              ro code   0x800'4e48   0x138  user_app_rs485.o [1]
  .text              ro code   0x800'4f80   0x594  user_app_sensor.o [1]
  .text              ro code   0x800'5514    0x58  user_time.o [1]
  .text              ro code   0x800'556c    0x28  stm32l4xx_hal.o [1]
  .text              ro code   0x800'5594   0x254  user_tiny_vsnprintf.o [1]
  .text              ro code   0x800'57e8    0x30  stm32l4xx_hal_msp.o [1]
  .text              ro code   0x800'5818   0x7ce  stm32l4xx_hal_adc.o [1]
  .text              ro code   0x800'5fe8   0x69e  stm32l4xx_hal_rtc.o [1]
  .text              ro code   0x800'6688    0x32  ABImemset48.o [4]
  .text              ro code   0x800'66ba   0x136  user_string.o [1]
  .text              ro code   0x800'67f0   0x3f8  user_app_modbus_rtu.o [1]
  .text              ro code   0x800'6be8   0x1d0  user_convert_variable.o [1]
  .text              ro code   0x800'6db8    0x94  stm32l4xx_hal_adc_ex.o [1]
  .text              ro code   0x800'6e4c     0x2  stm32l4xx_hal_adc.o [1]
  .text              ro code   0x800'6e4e     0x2  stm32l4xx_hal_adc.o [1]
  .text              ro code   0x800'6e50     0x2  stm32l4xx_hal_adc.o [1]
  .text              ro code   0x800'6e54    0xee  onchipflash.o [1]
  .text              ro code   0x800'6f42    0xf6  user_modbus_rtu.o [1]
  .text              ro code   0x800'7038   0x164  stm32l4xx_hal_flash.o [1]
  .text              ro code   0x800'719c    0x88  stm32l4xx_hal_flash_ex.o [1]
  .text              ro code   0x800'7224   0x2f0  user_rtc.o [1]
  .text              ro code   0x800'7514    0x46  stm32l4xx_hal_rtc_ex.o [1]
  .text              ro code   0x800'755c    0x40  sprintf.o [2]
  .text              ro code   0x800'759c    0x78  lz77_init_single.o [4]
  .rodata            const     0x800'7614    0x64  user_app_sensor.o [1]
  .text              ro code   0x800'7678    0x58  stm32l4xx_it.o [1]
  .text              ro code   0x800'76d0    0x10  stm32l4xx_hal.o [1]
  .rodata            const     0x800'76e0    0x50  user_tiny_vsnprintf.o [1]
  .rodata            const     0x800'7730    0x34  user_app_sensor.o [1]
  .rodata            const     0x800'7764    0x34  user_app_sensor.o [1]
  .rodata            const     0x800'7798    0x30  system_stm32l4xx.o [1]
  .rodata            const     0x800'77c8    0x2c  user_rtc.o [1]
  .text              ro code   0x800'77f4    0x28  data_init.o [4]
  .text              ro code   0x800'781c    0x22  fpinit_M.o [3]
  .iar.init_table    const     0x800'7840    0x20  - Linker created -
  .text              ro code   0x800'7860    0x20  system_stm32l4xx.o [1]
  .text              ro code   0x800'7880    0x1e  cmain.o [4]
  .text              ro code   0x800'789e     0x4  low_level_init.o [2]
  .text              ro code   0x800'78a2     0x4  exit.o [2]
  .text              ro code   0x800'78a8     0xa  cexit.o [4]
  .rodata            const     0x800'78b4    0x14  user_at_serial.o [1]
  .rodata            const     0x800'78c8    0x14  user_at_serial.o [1]
  .rodata            const     0x800'78dc    0x14  user_at_serial.o [1]
  .rodata            const     0x800'78f0    0x14  user_at_serial.o [1]
  .rodata            const     0x800'7904    0x14  user_at_serial.o [1]
  .rodata            const     0x800'7918    0x10  user_at_serial.o [1]
  .rodata            const     0x800'7928    0x10  user_at_serial.o [1]
  .rodata            const     0x800'7938    0x10  user_at_serial.o [1]
  .rodata            const     0x800'7948    0x10  user_at_serial.o [1]
  .rodata            const     0x800'7958    0x10  user_at_serial.o [1]
  .rodata            const     0x800'7968    0x10  user_at_serial.o [1]
  .rodata            const     0x800'7978    0x10  user_at_serial.o [1]
  .rodata            const     0x800'7988    0x10  user_at_serial.o [1]
  .rodata            const     0x800'7998    0x10  user_at_serial.o [1]
  .rodata            const     0x800'79a8    0x10  user_at_serial.o [1]
  .rodata            const     0x800'79b8    0x10  user_at_serial.o [1]
  .rodata            const     0x800'79c8    0x10  user_at_serial.o [1]
  .rodata            const     0x800'79d8    0x10  user_at_serial.o [1]
  .rodata            const     0x800'79e8    0x10  user_at_serial.o [1]
  .rodata            const     0x800'79f8    0x10  user_at_serial.o [1]
  .rodata            const     0x800'7a08    0x10  user_at_serial.o [1]
  .rodata            const     0x800'7a18    0x10  user_at_serial.o [1]
  .rodata            const     0x800'7a28    0x10  user_at_serial.o [1]
  .rodata            const     0x800'7a38    0x10  user_at_serial.o [1]
  .rodata            const     0x800'7a48    0x10  user_at_serial.o [1]
  .rodata            const     0x800'7a58    0x10  user_at_serial.o [1]
  .rodata            const     0x800'7a68    0x10  user_at_serial.o [1]
  .rodata            const     0x800'7a78    0x10  user_at_serial.o [1]
  .rodata            const     0x800'7a88    0x10  user_at_serial.o [1]
  .rodata            const     0x800'7a98    0x10  user_at_serial.o [1]
  .rodata            const     0x800'7aa8    0x10  user_at_serial.o [1]
  .rodata            const     0x800'7ab8    0x10  user_at_serial.o [1]
  .rodata            const     0x800'7ac8    0x10  user_at_serial.o [1]
  .text              ro code   0x800'7ad8    0x10  startup_stm32l433xx.o [1]
  .rodata            const     0x800'7ae8     0xc  user_app_comm.o [1]
  .rodata            const     0x800'7af4     0xc  user_at_serial.o [1]
  .rodata            const     0x800'7b00     0xc  user_at_serial.o [1]
  .rodata            const     0x800'7b0c     0xc  user_at_serial.o [1]
  .rodata            const     0x800'7b18     0xc  user_at_serial.o [1]
  .rodata            const     0x800'7b24     0xc  user_at_serial.o [1]
  .rodata            const     0x800'7b30     0xc  user_at_serial.o [1]
  .rodata            const     0x800'7b3c     0xc  user_at_serial.o [1]
  .rodata            const     0x800'7b48     0xc  user_at_serial.o [1]
  .rodata            const     0x800'7b54     0xc  user_at_serial.o [1]
  .rodata            const     0x800'7b60     0xc  user_at_serial.o [1]
  .rodata            const     0x800'7b6c     0xc  user_at_serial.o [1]
  .rodata            const     0x800'7b78     0xc  user_at_serial.o [1]
  .rodata            const     0x800'7b84     0xc  user_at_serial.o [1]
  .rodata            const     0x800'7b90     0xc  user_at_serial.o [1]
  .rodata            const     0x800'7b9c     0xc  user_at_serial.o [1]
  .rodata            const     0x800'7ba8     0xc  user_at_serial.o [1]
  .rodata            const     0x800'7bb4     0xc  user_at_serial.o [1]
  .rodata            const     0x800'7bc0     0xc  user_at_serial.o [1]
  .rodata            const     0x800'7bcc     0xc  user_at_serial.o [1]
  .rodata            const     0x800'7bd8     0xc  user_at_serial.o [1]
  .rodata            const     0x800'7be4     0xc  user_at_serial.o [1]
  .rodata            const     0x800'7bf0     0xc  user_at_serial.o [1]
  .rodata            const     0x800'7bfc     0xc  user_at_serial.o [1]
  .rodata            const     0x800'7c08     0xc  user_at_serial.o [1]
  .rodata            const     0x800'7c14     0xc  user_at_serial.o [1]
  .rodata            const     0x800'7c20     0xc  user_at_serial.o [1]
  .rodata            const     0x800'7c2c     0xc  user_at_serial.o [1]
  .rodata            const     0x800'7c38     0xc  user_at_serial.o [1]
  .rodata            const     0x800'7c44     0xc  user_at_serial.o [1]
  .text              ro code   0x800'7c50     0xc  cstartup_M.o [4]
  .rodata            const     0x800'7c5c     0x8  system_stm32l4xx.o [1]
  .rodata            const     0x800'7c64     0x8  user_at_serial.o [1]
  .rodata            const     0x800'7c6c     0x8  user_at_serial.o [1]
  .rodata            const     0x800'7c74     0x8  user_at_serial.o [1]
  .rodata            const     0x800'7c7c     0x8  user_at_serial.o [1]
  .rodata            const     0x800'7c84     0x8  xprintffull_nomb.o [2]
  .text              ro code   0x800'7c8c     0x4  startup_stm32l433xx.o [1]
  .text              ro code   0x800'7c90     0x4  startup_stm32l433xx.o [1]
  .text              ro code   0x800'7c94     0x4  startup_stm32l433xx.o [1]
  .text              ro code   0x800'7c98     0x4  startup_stm32l433xx.o [1]
  .text              ro code   0x800'7c9c     0x4  startup_stm32l433xx.o [1]
  .text              ro code   0x800'7ca0     0x4  startup_stm32l433xx.o [1]
  .text              ro code   0x800'7ca4     0x4  startup_stm32l433xx.o [1]
  .text              ro code   0x800'7ca8     0x4  startup_stm32l433xx.o [1]
  .text              ro code   0x800'7cac     0x4  startup_stm32l433xx.o [1]
  .text              ro code   0x800'7cb0     0x4  startup_stm32l433xx.o [1]
  .text              ro code   0x800'7cb4     0x4  startup_stm32l433xx.o [1]
  .text              ro code   0x800'7cb8     0x4  startup_stm32l433xx.o [1]
  .text              ro code   0x800'7cbc     0x4  startup_stm32l433xx.o [1]
  .text              ro code   0x800'7cc0     0x4  startup_stm32l433xx.o [1]
  .text              ro code   0x800'7cc4     0x4  startup_stm32l433xx.o [1]
  .text              ro code   0x800'7cc8     0x4  startup_stm32l433xx.o [1]
  .text              ro code   0x800'7ccc     0x4  startup_stm32l433xx.o [1]
  .text              ro code   0x800'7cd0     0x4  startup_stm32l433xx.o [1]
  .text              ro code   0x800'7cd4     0x4  startup_stm32l433xx.o [1]
  .text              ro code   0x800'7cd8     0x4  startup_stm32l433xx.o [1]
  .text              ro code   0x800'7cdc     0x4  startup_stm32l433xx.o [1]
  .text              ro code   0x800'7ce0     0x4  startup_stm32l433xx.o [1]
  .text              ro code   0x800'7ce4     0x4  startup_stm32l433xx.o [1]
  .text              ro code   0x800'7ce8     0x4  startup_stm32l433xx.o [1]
  .text              ro code   0x800'7cec     0x4  startup_stm32l433xx.o [1]
  .text              ro code   0x800'7cf0     0x4  startup_stm32l433xx.o [1]
  .text              ro code   0x800'7cf4     0x4  startup_stm32l433xx.o [1]
  .text              ro code   0x800'7cf8     0x4  startup_stm32l433xx.o [1]
  .text              ro code   0x800'7cfc     0x4  startup_stm32l433xx.o [1]
  .text              ro code   0x800'7d00     0x4  startup_stm32l433xx.o [1]
  .text              ro code   0x800'7d04     0x4  startup_stm32l433xx.o [1]
  .text              ro code   0x800'7d08     0x4  startup_stm32l433xx.o [1]
  .text              ro code   0x800'7d0c     0x4  startup_stm32l433xx.o [1]
  .text              ro code   0x800'7d10     0x4  startup_stm32l433xx.o [1]
  .text              ro code   0x800'7d14     0x4  startup_stm32l433xx.o [1]
  .text              ro code   0x800'7d18     0x4  startup_stm32l433xx.o [1]
  .text              ro code   0x800'7d1c     0x4  startup_stm32l433xx.o [1]
  .text              ro code   0x800'7d20     0x4  startup_stm32l433xx.o [1]
  .text              ro code   0x800'7d24     0x4  startup_stm32l433xx.o [1]
  .text              ro code   0x800'7d28     0x4  startup_stm32l433xx.o [1]
  .text              ro code   0x800'7d2c     0x4  startup_stm32l433xx.o [1]
  .text              ro code   0x800'7d30     0x4  startup_stm32l433xx.o [1]
  .text              ro code   0x800'7d34     0x4  startup_stm32l433xx.o [1]
  .text              ro code   0x800'7d38     0x4  startup_stm32l433xx.o [1]
  .text              ro code   0x800'7d3c     0x4  startup_stm32l433xx.o [1]
  .text              ro code   0x800'7d40     0x4  startup_stm32l433xx.o [1]
  .text              ro code   0x800'7d44     0x4  startup_stm32l433xx.o [1]
  .text              ro code   0x800'7d48     0x4  startup_stm32l433xx.o [1]
  .text              ro code   0x800'7d4c     0x4  startup_stm32l433xx.o [1]
  .text              ro code   0x800'7d50     0x4  startup_stm32l433xx.o [1]
  .text              ro code   0x800'7d54     0x4  startup_stm32l433xx.o [1]
  .text              ro code   0x800'7d58     0x4  startup_stm32l433xx.o [1]
  .text              ro code   0x800'7d5c     0x4  startup_stm32l433xx.o [1]
  .text              ro code   0x800'7d60     0x4  startup_stm32l433xx.o [1]
  .text              ro code   0x800'7d64     0x4  startup_stm32l433xx.o [1]
  .text              ro code   0x800'7d68     0x4  startup_stm32l433xx.o [1]
  .text              ro code   0x800'7d6c     0x4  startup_stm32l433xx.o [1]
  .text              ro code   0x800'7d70     0x4  startup_stm32l433xx.o [1]
  .text              ro code   0x800'7d74     0x4  startup_stm32l433xx.o [1]
  .text              ro code   0x800'7d78     0x4  startup_stm32l433xx.o [1]
  .text              ro code   0x800'7d7c     0x4  startup_stm32l433xx.o [1]
  .rodata            const     0x800'7d80     0x0  zero_init3.o [4]
  .rodata            const     0x800'7d80     0x0  lz77_init_single.o [4]
  Initializer bytes  const     0x800'7d80   0x2d3  <for P2-1>
                             - 0x800'8053  0x7ec7

"P2", part 1 of 3:                          0x6f4
  P2-1                        0x2000'0000   0x6f4  <Init block>
    .data            inited   0x2000'0000     0xc  stm32l4xx_hal.o [1]
    .data            inited   0x2000'000c    0x20  stm32l4xx_hal_flash.o [1]
    .data            inited   0x2000'002c     0x4  system_stm32l4xx.o [1]
    .data            inited   0x2000'0030    0x70  user_app_comm.o [1]
    .data            inited   0x2000'00a0    0x10  user_app_comm.o [1]
    .data            inited   0x2000'00b0    0xdc  user_app_modbus_rtu.o [1]
    .data            inited   0x2000'018c    0x2c  user_app_modbus_rtu.o [1]
    .data            inited   0x2000'01b8     0xc  user_app_modbus_rtu.o [1]
    .data            inited   0x2000'01c4    0x50  user_app_rs485.o [1]
    .data            inited   0x2000'0214    0x68  user_app_sensor.o [1]
    .data            inited   0x2000'027c   0x42c  user_at_serial.o [1]
    .data            inited   0x2000'06a8     0xc  user_rs485.o [1]
    .data            inited   0x2000'06b4     0x8  user_util.o [1]
    .data            inited   0x2000'06bc    0x38  xlocale_c.o [2]
                            - 0x2000'06f4   0x6f4

"P2", part 2 of 3:                         0x1288
  .bss               zero     0x2000'06f4   0x618  user_adv_trace.o [1]
  .bss               zero     0x2000'0d0c   0x4b0  user_app_comm.o [1]
  .bss               zero     0x2000'11bc   0x200  user_rs485.o [1]
  .bss               zero     0x2000'13bc    0x90  usart.o [1]
  .bss               zero     0x2000'144c    0x88  usart.o [1]
  .bss               zero     0x2000'14d4    0x88  usart.o [1]
  .bss               zero     0x2000'155c    0x80  user_app_modbus_rtu.o [1]
  .bss               zero     0x2000'15dc    0x80  user_app_modbus_rtu.o [1]
  .bss               zero     0x2000'165c    0x80  user_at_serial.o [1]
  .bss               zero     0x2000'16dc    0x80  user_at_serial.o [1]
  .bss               zero     0x2000'175c    0x64  adc.o [1]
  .bss               zero     0x2000'17c0    0x64  user_app_comm.o [1]
  .bss               zero     0x2000'1824    0x60  user_app_sensor.o [1]
  .bss               zero     0x2000'1884    0x48  adc.o [1]
  .bss               zero     0x2000'18cc    0x2c  user_rtc.o [1]
  .bss               zero     0x2000'18f8    0x24  rtc.o [1]
  .bss               zero     0x2000'191c    0x1c  user_rtc.o [1]
  .bss               zero     0x2000'1938    0x18  user_app_comm.o [1]
  .bss               zero     0x2000'1950     0xc  user_util.o [1]
  .bss               zero     0x2000'195c     0x4  user_app_comm.o [1]
  .bss               zero     0x2000'1960     0x4  user_rtc.o [1]
  .bss               zero     0x2000'1964     0x4  user_timer.o [1]
  .bss               zero     0x2000'1968     0x4  user_uart.o [1]
  .bss               zero     0x2000'196c     0x4  user_util.o [1]
  .bss               zero     0x2000'1970     0x4  user_util.o [1]
  .bss               zero     0x2000'1974     0x4  xfail_s.o [2]
  .bss               zero     0x2000'1978     0x2  user_app_rs485.o [1]
  .bss               zero     0x2000'197a     0x1  user_app_rs485.o [1]
  .bss               zero     0x2000'197b     0x1  user_rtc.o [1]
                            - 0x2000'197c  0x1288

"P2", part 3 of 3:                          0x400
  CSTACK                      0x2000'1980   0x400  <Block>
    CSTACK           uninit   0x2000'1980   0x400  <Block tail>
                            - 0x2000'1d80   0x400

Unused ranges:

         From           To      Size
         ----           --      ----
   0x800'8053   0x803'ffff  0x3'7fad
  0x2000'197c  0x2000'197f       0x4
  0x2000'1d80  0x2000'ffff    0xe280


*******************************************************************************
*** INIT TABLE
***

          Address      Size
          -------      ----
Zero (__iar_zero_init3)
    1 destination range, total size 0x1288:
          0x2000'06f4  0x1288

Copy/lz77 (__iar_lz77_init_single3)
    1 source range, total size 0x2d3 (40% of destination):
           0x800'7d80   0x2d3
    1 destination range, total size 0x6f4:
          0x2000'0000   0x6f4



*******************************************************************************
*** MODULE SUMMARY
***

    Module                    ro code  ro data  rw data
    ------                    -------  -------  -------
command line/config:
    ---------------------------------------------------
    Total:

D:\Saoviet_Git\Saoviet_Slave_Temp_Motor\Project_8Chanel_4-20mA_To_RS485\EWARM\Project_8Chanel_4-20mA_To_RS485\Obj: [1]
    adc.o                         600               172
    dma.o                          80
    event_driven.o                 36
    gpio.o                        160
    main.o                        166
    onchipflash.o                 238
    rtc.o                         268                36
    startup_stm32l433xx.o         656
    stm32l4xx_hal.o               166        4       12
    stm32l4xx_hal_adc.o         2'004
    stm32l4xx_hal_adc_ex.o        148
    stm32l4xx_hal_cortex.o        232
    stm32l4xx_hal_dma.o           838
    stm32l4xx_hal_flash.o         356       13       32
    stm32l4xx_hal_flash_ex.o      136
    stm32l4xx_hal_gpio.o          680
    stm32l4xx_hal_msp.o            48
    stm32l4xx_hal_pwr_ex.o        132
    stm32l4xx_hal_rcc.o         1'856
    stm32l4xx_hal_rcc_ex.o        940
    stm32l4xx_hal_rtc.o         1'694
    stm32l4xx_hal_rtc_ex.o         70
    stm32l4xx_hal_uart.o        3'290
    stm32l4xx_hal_uart_ex.o        86
    stm32l4xx_it.o                 88
    system_stm32l4xx.o             32       58        4
    usart.o                       540               416
    user_adv_trace.o              414             1'560
    user_app_comm.o               972       64    1'456
    user_app_modbus_rtu.o       1'016      112      532
    user_app_rs485.o              312       33       83
    user_app_sensor.o           1'428      246      200
    user_at_serial.o              252    1'362    1'324
    user_convert_variable.o       464
    user_modbus_rtu.o             246
    user_rs485.o                  104        5      524
    user_rtc.o                    752       44       77
    user_string.o                 310
    user_time.o                    88
    user_timer.o                  544                 4
    user_tiny_vsnprintf.o         596       80
    user_uart.o                   244                 4
    user_util.o                   136        3       28
    ---------------------------------------------------
    Total:                     23'418    2'024    6'464

dl7M_tlf.a: [2]
    abort.o                         6
    exit.o                          4
    low_level_init.o                4
    sprintf.o                      64
    xfail_s.o                      64                 4
    xlocale_c.o                     8       26       56
    xprintffull_nomb.o          4'038        8
    xsprout.o                      10
    ---------------------------------------------------
    Total:                      4'198       34       60

m7M_tls.a: [3]
    DblAdd.o                      362
    DblCmpGe.o                     46
    DblCmpLe.o                     46
    DblDiv.o                      582
    DblMul.o                      418
    DblSub.o                      226
    DblToS32.o                     58
    DblToU32.o                     40
    S32ToDbl.o                     34
    U32ToDbl.o                     26
    fpinit_M.o                     34
    frexp.o                       112
    ldexp.o                       314
    ---------------------------------------------------
    Total:                      2'298

rt7M_tl.a: [4]
    ABImemclr4.o                    6
    ABImemcpy_small.o              24
    ABImemset48.o                  50
    ABImemset_small.o              18
    I64DivMod_small.o             262
    I64DivZer.o                     2
    cexit.o                        10
    cmain.o                        30
    cstartup_M.o                   12
    data_init.o                    40
    lz77_init_single.o            120
    memchr.o                       88
    memset.o                       20
    strchr.o                       22
    strlen_small.o                 20
    zero_init3.o                   58
    ---------------------------------------------------
    Total:                        782

shb_l.a: [5]
    exit.o                         20
    ---------------------------------------------------
    Total:                         20

    Gaps                           41        4
    Linker created                          32    1'024
-------------------------------------------------------
    Grand Total:               30'757    2'094    7'548


*******************************************************************************
*** ENTRY LIST
***

Entry                       Address   Size  Type      Object
-----                       -------   ----  ----      ------
.iar.init_table$$Base    0x800'7840          --   Gb  - Linker created -
.iar.init_table$$Limit   0x800'7860          --   Gb  - Linker created -
?main                    0x800'7881         Code  Gb  cmain.o [4]
ADC_Avg                 0x2000'1860   0x24  Data  Gb  user_app_sensor.o [1]
ADC_DMAConvCplt          0x800'5f55   0x74  Code  Gb  stm32l4xx_hal_adc.o [1]
ADC_DMAError             0x800'5fd1   0x16  Code  Gb  stm32l4xx_hal_adc.o [1]
ADC_DMAHalfConvCplt      0x800'5fc9    0x6  Code  Gb  stm32l4xx_hal_adc.o [1]
ADC_Disable              0x800'5eb3   0x70  Code  Gb  stm32l4xx_hal_adc.o [1]
ADC_Enable               0x800'5e11   0x7e  Code  Gb  stm32l4xx_hal_adc.o [1]
ADC_Temp                0x2000'0258   0x24  Data  Gb  user_app_sensor.o [1]
ADV_TRACE_Buffer        0x2000'070c  0x400  Data  Lc  user_adv_trace.o [1]
ADV_TRACE_Ctx           0x2000'06f4   0x18  Data  Lc  user_adv_trace.o [1]
AHBPrescTable            0x800'7870   0x10  Data  Gb  system_stm32l4xx.o [1]
APBPrescTable            0x800'7c5c    0x8  Data  Gb  system_stm32l4xx.o [1]
AT_CMD_Get_BR_Slave      0x800'522d   0x16  Code  Gb  user_app_sensor.o [1]
AT_CMD_Get_ID_Slave      0x800'51e5   0x1a  Code  Gb  user_app_sensor.o [1]
AT_CMD_Get_Measure       0x800'52e1   0xd2  Code  Gb  user_app_sensor.o [1]
AT_CMD_Reset_Slave       0x800'51a5   0x3e  Code  Gb  user_app_sensor.o [1]
AT_CMD_Restore_Slave     0x800'51e3    0x2  Code  Gb  user_app_sensor.o [1]
AT_CMD_Set_BR_Slave      0x800'526d   0x28  Code  Gb  user_app_sensor.o [1]
AT_CMD_Set_ID_Slave      0x800'51ff   0x2c  Code  Gb  user_app_sensor.o [1]
AppComm_DBG_Init_RX_Mode
                         0x800'4113   0x32  Code  Gb  user_app_comm.o [1]
AppComm_DBG_Init_Uart    0x800'410f    0x4  Code  Gb  user_app_comm.o [1]
AppComm_DBG_Rx_Callback
                         0x800'414b   0xda  Code  Gb  user_app_comm.o [1]
AppComm_DBG_Stop_RX_Mode
                         0x800'4145    0x6  Code  Gb  user_app_comm.o [1]
AppComm_Get_Reset_Source
                         0x800'40f3   0x1c  Code  Gb  user_app_comm.o [1]
AppComm_IRQ_Timer_CallBack
                         0x800'40c5    0x4  Code  Gb  user_app_comm.o [1]
AppComm_Init             0x800'4055   0x1c  Code  Gb  user_app_comm.o [1]
AppComm_Task             0x800'4071   0x52  Code  Gb  user_app_comm.o [1]
AppComm_Uart_Debug_Send
                         0x800'40e5    0xe  Code  Lc  user_app_comm.o [1]
AppRs485_Task            0x800'4f1d   0x40  Code  Gb  user_app_rs485.o [1]
AppSensor_Task           0x800'5415   0x40  Code  Gb  user_app_sensor.o [1]
BusFault_Handler         0x800'767f    0x2  Code  Gb  stm32l4xx_it.o [1]
CSTACK$$Base            0x2000'1980          --   Gb  - Linker created -
CSTACK$$Limit           0x2000'1d80          --   Gb  - Linker created -
Calculator_Scale         0x800'6be9   0x36  Code  Gb  user_convert_variable.o [1]
CheckList_AT_CONFIG     0x2000'0280  0x420  Data  Gb  user_at_serial.o [1]
Convert_Point_Int_To_String
                         0x800'6c1f   0x90  Code  Gb  user_convert_variable.o [1]
Convert_Point_Int_To_String_Scale
                         0x800'6cb7   0x8c  Code  Gb  user_convert_variable.o [1]
Convert_String_To_Dec    0x800'6d63   0x34  Code  Gb  user_convert_variable.o [1]
DMA1_Channel1_IRQHandler
                         0x800'7699    0x6  Code  Gb  stm32l4xx_it.o [1]
DMA1_Channel3_IRQHandler
                         0x800'769f    0x6  Code  Gb  stm32l4xx_it.o [1]
DMA1_Channel5_IRQHandler
                         0x800'76a5    0x6  Code  Gb  stm32l4xx_it.o [1]
DMA_SetConfig            0x800'2ea7   0x28  Code  Lc  stm32l4xx_hal_dma.o [1]
DaysInMonth              0x800'74fc    0xc  Data  Lc  user_rtc.o [1]
DaysInMonthLeapYear      0x800'7508    0xc  Data  Lc  user_rtc.o [1]
DebugMon_Handler         0x800'7685    0x2  Code  Gb  stm32l4xx_it.o [1]
Error_Handler            0x800'3801    0x4  Code  Gb  main.o [1]
FLASH_FlushCaches        0x800'71c1   0x56  Code  Gb  stm32l4xx_hal_flash_ex.o [1]
FLASH_PageErase          0x800'719d   0x24  Code  Gb  stm32l4xx_hal_flash_ex.o [1]
FLASH_Program_DoubleWord
                         0x800'713f   0x18  Code  Lc  stm32l4xx_hal_flash.o [1]
FLASH_Program_Fast       0x800'7157   0x26  Code  Lc  stm32l4xx_hal_flash.o [1]
FLASH_WaitForLastOperation
                         0x800'70f5   0x4a  Code  Gb  stm32l4xx_hal_flash.o [1]
Find_String_V2           0x800'66bb   0xc6  Code  Gb  user_string.o [1]
Find_str_fix             0x800'6791   0x60  Code  Gb  user_string.o [1]
Get_RTC                  0x800'5515   0x4e  Code  Gb  user_time.o [1]
HAL_ADCEx_Calibration_Start
                         0x800'6db9   0x8a  Code  Gb  stm32l4xx_hal_adc_ex.o [1]
HAL_ADC_ConfigChannel    0x800'5a9d  0x2ea  Code  Gb  stm32l4xx_hal_adc.o [1]
HAL_ADC_Init             0x800'586b  0x188  Code  Gb  stm32l4xx_hal_adc.o [1]
HAL_ADC_MspInit          0x800'482b  0x104  Code  Gb  adc.o [1]
HAL_ADC_Start_DMA        0x800'59f3   0xa8  Code  Gb  stm32l4xx_hal_adc.o [1]
HAL_DMA_Abort            0x800'2d4b   0x46  Code  Gb  stm32l4xx_hal_dma.o [1]
HAL_DMA_Abort_IT         0x800'2d91   0x4a  Code  Gb  stm32l4xx_hal_dma.o [1]
HAL_DMA_DeInit           0x800'2c2f   0x94  Code  Gb  stm32l4xx_hal_dma.o [1]
HAL_DMA_GetError         0x800'2ea3    0x4  Code  Gb  stm32l4xx_hal_dma.o [1]
HAL_DMA_IRQHandler       0x800'2ddb   0xaa  Code  Gb  stm32l4xx_hal_dma.o [1]
HAL_DMA_Init             0x800'2b89   0xa6  Code  Gb  stm32l4xx_hal_dma.o [1]
HAL_DMA_Start_IT         0x800'2ce1   0x6a  Code  Gb  stm32l4xx_hal_dma.o [1]
HAL_Delay                0x800'556d   0x28  Code  Wk  stm32l4xx_hal.o [1]
HAL_FLASH_Lock           0x800'70e5    0xa  Code  Gb  stm32l4xx_hal_flash.o [1]
HAL_FLASH_Program        0x800'7039   0x8c  Code  Gb  stm32l4xx_hal_flash.o [1]
HAL_FLASH_Unlock         0x800'70c5   0x20  Code  Gb  stm32l4xx_hal_flash.o [1]
HAL_GPIO_DeInit          0x800'3d63   0xe4  Code  Gb  stm32l4xx_hal_gpio.o [1]
HAL_GPIO_Init            0x800'3bc5  0x19e  Code  Gb  stm32l4xx_hal_gpio.o [1]
HAL_GPIO_WritePin        0x800'3e47    0xa  Code  Gb  stm32l4xx_hal_gpio.o [1]
HAL_GetTick              0x800'2b7d    0xc  Code  Wk  stm32l4xx_hal.o [1]
HAL_IncTick              0x800'76d1   0x10  Code  Wk  stm32l4xx_hal.o [1]
HAL_Init                 0x800'4615   0x1e  Code  Gb  stm32l4xx_hal.o [1]
HAL_InitTick             0x800'454d   0x44  Code  Wk  stm32l4xx_hal.o [1]
HAL_MspInit              0x800'57e9   0x30  Code  Gb  stm32l4xx_hal_msp.o [1]
HAL_NVIC_DisableIRQ      0x800'3ef3   0x1e  Code  Gb  stm32l4xx_hal_cortex.o [1]
HAL_NVIC_EnableIRQ       0x800'3edd   0x16  Code  Gb  stm32l4xx_hal_cortex.o [1]
HAL_NVIC_SetPriority     0x800'3ea1   0x3a  Code  Gb  stm32l4xx_hal_cortex.o [1]
HAL_NVIC_SetPriorityGrouping
                         0x800'3e87   0x1a  Code  Gb  stm32l4xx_hal_cortex.o [1]
HAL_PWREx_ControlVoltageScaling
                         0x800'459d   0x5c  Code  Gb  stm32l4xx_hal_pwr_ex.o [1]
HAL_PWREx_GetVoltageRange
                         0x800'4591    0xc  Code  Gb  stm32l4xx_hal_pwr_ex.o [1]
HAL_RCCEx_PeriphCLKConfig
                         0x800'3819  0x278  Code  Gb  stm32l4xx_hal_rcc_ex.o [1]
HAL_RCC_ClockConfig      0x800'34ab   0xfa  Code  Gb  stm32l4xx_hal_rcc.o [1]
HAL_RCC_GetPCLK1Freq     0x800'366d   0x10  Code  Gb  stm32l4xx_hal_rcc.o [1]
HAL_RCC_GetPCLK2Freq     0x800'367d    0xe  Code  Gb  stm32l4xx_hal_rcc.o [1]
HAL_RCC_GetResetSource   0x800'3695   0x12  Code  Gb  stm32l4xx_hal_rcc.o [1]
HAL_RCC_GetSysClockFreq
                         0x800'35db   0x92  Code  Gb  stm32l4xx_hal_rcc.o [1]
HAL_RCC_OscConfig        0x800'301d  0x456  Code  Gb  stm32l4xx_hal_rcc.o [1]
HAL_RTCEx_EnableBypassShadow
                         0x800'752b   0x30  Code  Gb  stm32l4xx_hal_rtc_ex.o [1]
HAL_RTC_DeactivateAlarm
                         0x800'64e5   0x94  Code  Gb  stm32l4xx_hal_rtc.o [1]
HAL_RTC_GetDate          0x800'6225   0x34  Code  Gb  stm32l4xx_hal_rtc.o [1]
HAL_RTC_GetTime          0x800'614d   0x3c  Code  Gb  stm32l4xx_hal_rtc.o [1]
HAL_RTC_Init             0x800'5fe9   0xa4  Code  Gb  stm32l4xx_hal_rtc.o [1]
HAL_RTC_MspInit          0x800'4a3d   0x3e  Code  Gb  rtc.o [1]
HAL_RTC_SetAlarm         0x800'6285   0xac  Code  Gb  stm32l4xx_hal_rtc.o [1]
HAL_RTC_SetAlarm_IT      0x800'636f   0xd0  Code  Gb  stm32l4xx_hal_rtc.o [1]
HAL_RTC_SetDate          0x800'6189   0x9c  Code  Gb  stm32l4xx_hal_rtc.o [1]
HAL_RTC_SetTime          0x800'608d   0xba  Code  Gb  stm32l4xx_hal_rtc.o [1]
HAL_RTC_WaitForSynchro   0x800'659d   0x2e  Code  Gb  stm32l4xx_hal_rtc.o [1]
HAL_SYSTICK_Config       0x800'3f11   0x28  Code  Gb  stm32l4xx_hal_cortex.o [1]
HAL_UARTEx_ReceiveToIdle_DMA
                         0x800'2fc5   0x54  Code  Gb  stm32l4xx_hal_uart_ex.o [1]
HAL_UARTEx_RxEventCallback
                         0x800'2efb   0x2c  Code  Gb  user_uart.o [1]
HAL_UARTEx_WakeupCallback
                         0x800'3019    0x2  Code  Wk  stm32l4xx_hal_uart_ex.o [1]
HAL_UART_DMAStop         0x800'1e03   0x7c  Code  Gb  stm32l4xx_hal_uart.o [1]
HAL_UART_ErrorCallback   0x800'2f27   0x2a  Code  Gb  user_uart.o [1]
HAL_UART_IRQHandler      0x800'1eb1  0x272  Code  Gb  stm32l4xx_hal_uart.o [1]
HAL_UART_Init            0x800'1c89   0x34  Code  Gb  stm32l4xx_hal_uart.o [1]
HAL_UART_MspDeInit       0x800'2b01   0x56  Code  Gb  usart.o [1]
HAL_UART_MspInit         0x800'29af  0x13e  Code  Gb  usart.o [1]
HAL_UART_Receive_IT      0x800'1db1   0x26  Code  Gb  stm32l4xx_hal_uart.o [1]
HAL_UART_RxCpltCallback
                         0x800'2ed1   0x2a  Code  Gb  user_uart.o [1]
HAL_UART_Transmit        0x800'1d11   0x9a  Code  Gb  stm32l4xx_hal_uart.o [1]
Handle_Float_To_hexUint32
                         0x800'6d9d   0x1c  Code  Gb  user_convert_variable.o [1]
HardFault_Handler        0x800'767b    0x2  Code  Gb  stm32l4xx_it.o [1]
IndexUartError          0x2000'1968    0x1  Data  Lc  user_uart.o [1]
Init_AppRs485            0x800'4f07   0x16  Code  Gb  user_app_rs485.o [1]
Init_AppSensor           0x800'53eb   0x2a  Code  Gb  user_app_sensor.o [1]
Init_InforSlaveModbusRTU
                         0x800'698f   0x1c  Code  Gb  user_app_modbus_rtu.o [1]
Init_UartRs485           0x800'4ed5   0x32  Code  Gb  user_app_rs485.o [1]
Insert_String_To_String
                         0x800'6d43   0x20  Code  Gb  user_convert_variable.o [1]
LL_ADC_GetOffsetChannel
                         0x800'5819    0xe  Code  Lc  stm32l4xx_hal_adc.o [1]
LL_ADC_REG_IsTriggerSourceSWStart
                         0x800'5839    0xe  Code  Lc  stm32l4xx_hal_adc.o [1]
LL_ADC_SetChannelSamplingTime
                         0x800'5847   0x24  Code  Lc  stm32l4xx_hal_adc.o [1]
LL_ADC_SetOffsetState    0x800'5827   0x12  Code  Lc  stm32l4xx_hal_adc.o [1]
LedRecvPcBox            0x2000'1978    0x2  Data  Gb  user_app_rs485.o [1]
MSIRangeTable            0x800'7798   0x30  Data  Gb  system_stm32l4xx.o [1]
MX_ADC1_Init             0x800'4725   0xfc  Code  Gb  adc.o [1]
MX_DMA_Init              0x800'46d5   0x50  Code  Gb  dma.o [1]
MX_GPIO_Init             0x800'4635   0xa0  Code  Gb  gpio.o [1]
MX_RTC_Init              0x800'497d   0xc0  Code  Gb  rtc.o [1]
MX_USART1_UART_Init      0x800'2961   0x16  Code  Gb  usart.o [1]
MX_USART3_UART_Init      0x800'2977   0x16  Code  Gb  usart.o [1]
Main_Task                0x800'4011   0x44  Code  Gb  user_app_comm.o [1]
MemManage_Handler        0x800'767d    0x2  Code  Gb  stm32l4xx_it.o [1]
ModRTU_CRC               0x800'6f43   0x30  Code  Gb  user_modbus_rtu.o [1]
ModRTU_Slave_ACK_Read_Frame
                         0x800'6f73   0x2c  Code  Gb  user_modbus_rtu.o [1]
ModRTU_Slave_ACK_Write_Frame
                         0x800'6fc7   0x72  Code  Gb  user_modbus_rtu.o [1]
Modem_Check_AT           0x800'4d4d   0xf0  Code  Gb  user_at_serial.o [1]
Modem_Check_RTU          0x800'69ad  0x1f0  Code  Gb  user_app_modbus_rtu.o [1]
NMI_Handler              0x800'7679    0x2  Code  Gb  stm32l4xx_it.o [1]
NONE_Register_CallBack   0x800'67f1    0x4  Code  Gb  user_app_modbus_rtu.o [1]
OldPosDMADebug          0x2000'00ac    0x2  Data  Lc  user_app_comm.o [1]
OnchipFlashPageErase     0x800'6ead   0x32  Code  Gb  onchipflash.o [1]
OnchipFlashWriteData     0x800'6e55   0x50  Code  Gb  onchipflash.o [1]
PendSV_Handler           0x800'7687    0x2  Code  Gb  stm32l4xx_it.o [1]
PortConfig              0x2000'027c    0x1  Data  Gb  user_at_serial.o [1]
RC                       0x800'6781   0x10  Code  Gb  user_string.o [1]
RCCEx_PLLSAI1_Config     0x800'3aa1   0xfa  Code  Lc  stm32l4xx_hal_rcc_ex.o [1]
RCC_SetFlashLatencyFromMSIRange
                         0x800'36a7   0x74  Code  Lc  stm32l4xx_hal_rcc.o [1]
RS485_Init_RX_Mode       0x800'4321   0x20  Code  Gb  user_rs485.o [1]
RS485_Rx_Callback        0x800'4343   0x38  Code  Gb  user_rs485.o [1]
RS485_Stop_RX_Mode       0x800'4341    0x2  Code  Gb  user_rs485.o [1]
RTC_AlarmStructure      0x2000'18cc   0x2c  Data  Lc  user_rtc.o [1]
RTC_ByteToBcd2           0x800'6671   0x16  Code  Gb  stm32l4xx_hal_rtc.o [1]
RTC_EnterInitMode        0x800'65cb   0x40  Code  Gb  stm32l4xx_hal_rtc.o [1]
RTC_ExitInitMode         0x800'660b   0x4c  Code  Gb  stm32l4xx_hal_rtc.o [1]
RTC_GetCalendarValue     0x800'742f   0x84  Code  Lc  user_rtc.o [1]
RTC_IF_Convert_Tick2ms   0x800'7421    0xe  Code  Gb  user_rtc.o [1]
RTC_IF_Convert_ms2Tick   0x800'7415    0xc  Code  Gb  user_rtc.o [1]
RTC_IF_GetMinimumTimeout
                         0x800'7411    0x4  Code  Gb  user_rtc.o [1]
RTC_IF_GetTimerContext   0x800'73db    0x6  Code  Gb  user_rtc.o [1]
RTC_IF_GetTimerElapsedTime
                         0x800'73e1   0x12  Code  Gb  user_rtc.o [1]
RTC_IF_GetTimerValue     0x800'73f3   0x18  Code  Gb  user_rtc.o [1]
RTC_IF_Init              0x800'7225   0x4c  Code  Gb  user_rtc.o [1]
RTC_IF_SetTimerContext   0x800'73c9   0x12  Code  Gb  user_rtc.o [1]
RTC_IF_StartTimer        0x800'7271  0x13a  Code  Gb  user_rtc.o [1]
RTC_IF_StopTimer         0x800'73ab   0x1e  Code  Gb  user_rtc.o [1]
RTC_Initalized          0x2000'197b    0x1  Data  Lc  user_rtc.o [1]
ReInit_Rx_Mode_Uart_Error
                         0x800'2f51   0x48  Code  Gb  user_uart.o [1]
Region$$Table$$Base      0x800'7840          --   Gb  - Linker created -
Region$$Table$$Limit     0x800'7860          --   Gb  - Linker created -
Reset_Buff               0x800'4cc5   0x1e  Code  Gb  user_util.o [1]
Rs485Status_u8          0x2000'06a9    0x1  Data  Gb  user_rs485.o [1]
RtCountSystick_u32      0x2000'196c    0x4  Data  Gb  user_util.o [1]
RtcTimerContext         0x2000'191c   0x1c  Data  Lc  user_rtc.o [1]
SVC_Handler              0x800'7683    0x2  Code  Gb  stm32l4xx_it.o [1]
Save_Array               0x800'6ee5   0x16  Code  Gb  onchipflash.o [1]
Save_InforSlaveModbusRTU
                         0x800'696b   0x24  Code  Gb  user_app_modbus_rtu.o [1]
Send_RS458_Sensor        0x800'6931   0x3a  Code  Gb  user_app_modbus_rtu.o [1]
SysApp_Setting           0x800'3fd5   0x3a  Code  Gb  user_app_comm.o [1]
SysTick_Handler          0x800'7689   0x10  Code  Gb  stm32l4xx_it.o [1]
SystemClock_Config       0x800'3787   0x7a  Code  Gb  main.o [1]
SystemCoreClock         0x2000'002c    0x4  Data  Gb  system_stm32l4xx.o [1]
SystemInit               0x800'7861    0xc  Code  Gb  system_stm32l4xx.o [1]
TRACE_AllocateBufer      0x800'44dd   0x4e  Code  Lc  user_adv_trace.o [1]
TRACE_Lock               0x800'452b    0xa  Code  Lc  user_adv_trace.o [1]
TRACE_Send               0x800'4477   0x66  Code  Lc  user_adv_trace.o [1]
TRACE_UnLock             0x800'4535    0xa  Code  Lc  user_adv_trace.o [1]
TimerExists              0x800'4c43   0x16  Code  Gb  user_timer.o [1]
TimerInsertNewHeadTimer
                         0x800'4cab   0x10  Code  Gb  user_timer.o [1]
TimerInsertTimer         0x800'4c85   0x26  Code  Gb  user_timer.o [1]
TimerListHead           0x2000'1964    0x4  Data  Lc  user_timer.o [1]
TimerSetTimeout          0x800'4c59   0x2c  Code  Gb  user_timer.o [1]
TimerTx                 0x2000'1938   0x18  Data  Lc  user_app_comm.o [1]
TxCpltCallback          0x2000'195c    0x4  Data  Lc  user_app_comm.o [1]
UART_AdvFeatureConfig    0x800'2349   0xc6  Code  Gb  stm32l4xx_hal_uart.o [1]
UART_CheckIdleState      0x800'240f   0x86  Code  Gb  stm32l4xx_hal_uart.o [1]
UART_DMAAbortOnError     0x800'27ed   0x10  Code  Lc  stm32l4xx_hal_uart.o [1]
UART_DMAError            0x800'279d   0x4e  Code  Lc  stm32l4xx_hal_uart.o [1]
UART_DMAReceiveCplt      0x800'26e9   0x88  Code  Lc  stm32l4xx_hal_uart.o [1]
UART_DMARxHalfCplt       0x800'2781   0x1c  Code  Lc  stm32l4xx_hal_uart.o [1]
UART_EndRxTransfer       0x800'267f   0x22  Code  Lc  stm32l4xx_hal_uart.o [1]
UART_EndTxTransfer       0x800'2665   0x1a  Code  Lc  stm32l4xx_hal_uart.o [1]
UART_RxISR_16BIT         0x800'284d   0x50  Code  Lc  stm32l4xx_hal_uart.o [1]
UART_RxISR_8BIT          0x800'27fd   0x50  Code  Lc  stm32l4xx_hal_uart.o [1]
UART_SetConfig           0x800'215d  0x1e2  Code  Gb  stm32l4xx_hal_uart.o [1]
UART_Start_Receive_DMA   0x800'25df   0x86  Code  Gb  stm32l4xx_hal_uart.o [1]
UART_Start_Receive_IT    0x800'252b   0xb4  Code  Gb  stm32l4xx_hal_uart.o [1]
UART_WaitOnFlagUntilTimeout
                         0x800'24a1   0x84  Code  Gb  stm32l4xx_hal_uart.o [1]
USART1_IRQHandler        0x800'76ab    0x6  Code  Gb  stm32l4xx_it.o [1]
USART3_IRQHandler        0x800'76b1    0x6  Code  Gb  stm32l4xx_it.o [1]
UTIL_ADV_TRACE_COND_FSend
                         0x800'43ad   0x9e  Code  Gb  user_adv_trace.o [1]
UTIL_Log_Str             0x800'4d13   0x26  Code  Gb  user_util.o [1]
UTIL_Printf              0x800'4ce3   0x1e  Code  Gb  user_util.o [1]
UTIL_Printf_Str          0x800'4d01   0x12  Code  Gb  user_util.o [1]
UTIL_TIMER_Create        0x800'4ab5   0x32  Code  Gb  user_timer.o [1]
UTIL_TIMER_IRQ_Handler   0x800'4bcf   0x74  Code  Gb  user_timer.o [1]
UTIL_TIMER_Init          0x800'4aa5   0x10  Code  Gb  user_timer.o [1]
UTIL_TIMER_SetPeriod     0x800'4ba1   0x2e  Code  Gb  user_timer.o [1]
UTIL_TIMER_Start         0x800'4ae7   0x62  Code  Gb  user_timer.o [1]
UTIL_TIMER_Stop          0x800'4b4f   0x52  Code  Gb  user_timer.o [1]
UTIL_TimerDriver         0x800'77c8   0x2c  Data  Gb  user_rtc.o [1]
UTIL_TraceDriver         0x800'7ae8    0xc  Data  Gb  user_app_comm.o [1]
Uart485RxByte           0x2000'06a8    0x1  Data  Lc  user_rs485.o [1]
UartDebugBuff           0x2000'0d0c  0x4b0  Data  Gb  user_app_comm.o [1]
UartDebugCountFail      0x2000'196a    0x2  Data  Lc  user_uart.o [1]
UsageFault_Handler       0x800'7681    0x2  Code  Gb  stm32l4xx_it.o [1]
VLevelDebug             0x2000'06b4    0x1  Data  Gb  user_util.o [1]
_Cb_HandLer_IDLE         0x800'3fc9    0x4  Code  Lc  user_app_comm.o [1]
_Cb_R_ModbusRTU_REG_Baudrate
                         0x800'682b   0x12  Code  Gb  user_app_modbus_rtu.o [1]
_Cb_R_ModbusRTU_REG_ID   0x800'67f5   0x14  Code  Gb  user_app_modbus_rtu.o [1]
_Cb_R_ModbusRTU_REG_Vol_CH1
                         0x800'68a3    0xa  Code  Gb  user_app_modbus_rtu.o [1]
_Cb_R_ModbusRTU_REG_Vol_CH2
                         0x800'68ad    0x8  Code  Gb  user_app_modbus_rtu.o [1]
_Cb_R_ModbusRTU_REG_Vol_CH3
                         0x800'68f5    0xa  Code  Gb  user_app_modbus_rtu.o [1]
_Cb_R_ModbusRTU_REG_Vol_CH4
                         0x800'68ff    0xa  Code  Gb  user_app_modbus_rtu.o [1]
_Cb_R_ModbusRTU_REG_Vol_CH5
                         0x800'6909    0xa  Code  Gb  user_app_modbus_rtu.o [1]
_Cb_R_ModbusRTU_REG_Vol_CH6
                         0x800'6913    0xa  Code  Gb  user_app_modbus_rtu.o [1]
_Cb_R_ModbusRTU_REG_Vol_CH7
                         0x800'691d    0xa  Code  Gb  user_app_modbus_rtu.o [1]
_Cb_R_ModbusRTU_REG_Vol_CH8
                         0x800'6927    0xa  Code  Gb  user_app_modbus_rtu.o [1]
_Cb_Save_Box             0x800'3fd1    0x4  Code  Lc  user_app_comm.o [1]
_Cb_Set_RTC              0x800'3fb1   0x18  Code  Lc  user_app_comm.o [1]
_Cb_TX_Timer_Event       0x800'40c9   0x10  Code  Lc  user_app_comm.o [1]
_Cb_Timer_IRQ            0x800'3f55    0xa  Code  Lc  user_app_comm.o [1]
_Cb_Tx_Timer             0x800'3fcd    0x4  Code  Lc  user_app_comm.o [1]
_Cb_Uart_Error           0x800'3fa7    0xa  Code  Lc  user_app_comm.o [1]
_Cb_Uart_Rx_Debug        0x800'3f5f   0x48  Code  Lc  user_app_comm.o [1]
_Cb_Uart_Rx_Debug::LastLengthRecv
                        0x2000'00ae    0x2  Data  Lc  user_app_comm.o [1]
_Cb_Uart_Rx_Debug::MarkFirstRecvUart
                        0x2000'00a0    0x1  Data  Lc  user_app_comm.o [1]
_Cb_W_ModbusRTU_REG_Baudrate
                         0x800'684f   0x1e  Code  Gb  user_app_modbus_rtu.o [1]
_Cb_W_ModbusRTU_REG_ID   0x800'6809   0x22  Code  Gb  user_app_modbus_rtu.o [1]
_LitobFullNoMb           0x800'0f4d  0x10a  Code  Lc  xprintffull_nomb.o [2]
_Locale_lconv           0x2000'06bc   0x38  Data  Lc  xlocale_c.o [2]
_PrintfFullNoMb          0x800'018d  0xd9c  Code  Gb  xprintffull_nomb.o [2]
_PutcharFullNoMb         0x800'10bd   0x20  Code  Lc  xprintffull_nomb.o [2]
_PutcharsFullNoMb        0x800'10dd   0x2e  Code  Lc  xprintffull_nomb.o [2]
_SProut                  0x800'11a3    0xa  Code  Gb  xsprout.o [2]
__NVIC_SetPriority       0x800'3e6d   0x1a  Code  Lc  stm32l4xx_hal_cortex.o [1]
__aeabi_cdcmple          0x800'12e1         Code  Gb  DblCmpLe.o [3]
__aeabi_cdrcmple         0x800'1311         Code  Gb  DblCmpGe.o [3]
__aeabi_d2iz             0x800'147d         Code  Gb  DblToS32.o [3]
__aeabi_d2uiz            0x800'1809         Code  Gb  DblToU32.o [3]
__aeabi_ddiv             0x800'15c1         Code  Gb  DblDiv.o [3]
__aeabi_dmul             0x800'184d         Code  Gb  DblMul.o [3]
__aeabi_dsub             0x800'14dd         Code  Gb  DblSub.o [3]
__aeabi_i2d              0x800'14b9         Code  Gb  S32ToDbl.o [3]
__aeabi_ldiv0            0x800'1c71         Code  Gb  I64DivZer.o [4]
__aeabi_memclr4          0x800'4a89         Code  Gb  ABImemclr4.o [4]
__aeabi_ui2d             0x800'1831         Code  Gb  U32ToDbl.o [3]
__cmain                  0x800'7881         Code  Gb  cmain.o [4]
__exit                   0x800'1c75   0x14  Code  Gb  exit.o [5]
__iar_Fail_s             0x800'11ad   0x1c  Code  Gb  xfail_s.o [2]
__iar_Memchr             0x800'1201         Code  Gb  memchr.o [4]
__iar_Memset4_word       0x800'6689         Code  Gb  ABImemset48.o [4]
__iar_Memset8_word       0x800'6689         Code  Gb  ABImemset48.o [4]
__iar_Strchr             0x800'118d         Code  Gb  strchr.o [4]
__iar_dadd               0x800'14ed         Code  Gb  DblSub.o [3]
__iar_data_init3         0x800'77f5   0x28  Code  Gb  data_init.o [4]
__iar_dsub               0x800'1b05         Code  Gb  DblAdd.o [3]
__iar_dsubStart          0x800'1b17         Code  Gb  DblAdd.o [3]
__iar_frexp              0x800'127d         Code  Gb  frexp.o [3]
__iar_frexpl             0x800'127d         Code  Gb  frexp.o [3]
__iar_init_vfp           0x800'781d         Code  Gb  fpinit_M.o [3]
__iar_ldexp64            0x800'1341         Code  Gb  ldexp.o [3]
__iar_lz77_init_single3
                         0x800'759d   0x78  Code  Gb  lz77_init_single.o [4]
__iar_program_start      0x800'7c51         Code  Gb  cstartup_M.o [4]
__iar_scalbln64          0x800'1341         Code  Gb  ldexp.o [3]
__iar_scalbn64           0x800'1341         Code  Gb  ldexp.o [3]
__iar_small_Memcpy       0x800'125d         Code  Gb  ABImemcpy_small.o [4]
__iar_small_Memset       0x800'4a91         Code  Gb  ABImemset_small.o [4]
__iar_small_Memset_word
                         0x800'4a91         Code  Gb  ABImemset_small.o [4]
__iar_small_memcpy       0x800'1259         Code  Gb  ABImemcpy_small.o [4]
__iar_small_memcpy4      0x800'1259         Code  Gb  ABImemcpy_small.o [4]
__iar_small_memcpy8      0x800'1259         Code  Gb  ABImemcpy_small.o [4]
__iar_small_memset       0x800'4a91         Code  Gb  ABImemset_small.o [4]
__iar_small_strlen       0x800'11ed         Code  Gb  strlen_small.o [4]
__iar_small_uldivmod     0x800'19f9         Code  Gb  I64DivMod_small.o [4]
__iar_softfp___iar_frexp64
                         0x800'1271         Code  Gb  frexp.o [3]
__iar_softfp_frexp       0x800'1271         Code  Gb  frexp.o [3]
__iar_softfp_frexpl      0x800'1271         Code  Gb  frexp.o [3]
__iar_zero_init3         0x800'1153   0x3a  Code  Gb  zero_init3.o [4]
__low_level_init         0x800'789f    0x4  Code  Gb  low_level_init.o [2]
__vector_table           0x800'0000         Data  Gb  startup_stm32l433xx.o [1]
_call_main               0x800'788d         Code  Gb  cmain.o [4]
_exit                    0x800'78a9         Code  Gb  cexit.o [4]
_main                    0x800'789b         Code  Gb  cmain.o [4]
aAT_CMD                 0x2000'16dc   0x80  Data  Lc  user_at_serial.o [1]
aBaudrate_value         0x2000'018c   0x2c  Data  Gb  user_app_modbus_rtu.o [1]
aDATA_CONFIG            0x2000'155c   0x80  Data  Lc  user_app_modbus_rtu.o [1]
aDATA_CONFIG            0x2000'165c   0x80  Data  Lc  user_at_serial.o [1]
aDATA_LOG_REGISTER      0x2000'15dc   0x80  Data  Lc  user_app_modbus_rtu.o [1]
aUART_485_DATA          0x2000'11bc  0x200  Data  Lc  user_rs485.o [1]
aUART_DBG_DMA_RX        0x2000'17c0   0x64  Data  Lc  user_app_comm.o [1]
abort                    0x800'1aff    0x6  Code  Gb  abort.o [2]
exit                     0x800'78a3    0x4  Code  Gb  exit.o [2]
fevent_active            0x800'4389   0x10  Code  Gb  event_driven.o [1]
fevent_enable            0x800'4399   0x14  Code  Gb  event_driven.o [1]
fevent_rs485_entry       0x800'4e49    0x4  Code  Lc  user_app_rs485.o [1]
fevent_rs485_init_uart   0x800'4e4d   0x24  Code  Lc  user_app_rs485.o [1]
fevent_rs485_init_uart::stamp
                        0x2000'197a    0x1  Data  Lc  user_app_rs485.o [1]
fevent_rs485_led_recv    0x800'4e91   0x3c  Code  Lc  user_app_rs485.o [1]
fevent_rs485_receive_complete
                         0x800'4e71   0x1c  Code  Lc  user_app_rs485.o [1]
fevent_rs485_refresh     0x800'4e8d    0x4  Code  Lc  user_app_rs485.o [1]
fevent_sensor_entry      0x800'4f81   0x3e  Code  Lc  user_app_sensor.o [1]
fevent_sensor_entry::once
                        0x2000'0254    0x2  Data  Lc  user_app_sensor.o [1]
fevent_sensor_get_adc    0x800'4fbf   0x5a  Code  Lc  user_app_sensor.o [1]
fevent_sensor_get_adc::count_adc
                        0x2000'185c    0x2  Data  Lc  user_app_sensor.o [1]
fevent_sensor_handle_adc
                         0x800'5019  0x12e  Code  Lc  user_app_sensor.o [1]
fevent_sensor_led_status
                         0x800'5165   0x40  Code  Lc  user_app_sensor.o [1]
hadc1                   0x2000'175c   0x64  Data  Gb  adc.o [1]
hdma_adc1               0x2000'1884   0x48  Data  Gb  adc.o [1]
hdma_usart1_rx          0x2000'13bc   0x48  Data  Gb  usart.o [1]
hdma_usart3_rx          0x2000'1404   0x48  Data  Gb  usart.o [1]
hrtc                    0x2000'18f8   0x24  Data  Gb  rtc.o [1]
huart1                  0x2000'144c   0x88  Data  Gb  usart.o [1]
huart3                  0x2000'14d4   0x88  Data  Gb  usart.o [1]
ldexp                    0x800'1341         Code  Gb  ldexp.o [3]
ldexpl                   0x800'1341         Code  Gb  ldexp.o [3]
localeconv               0x800'19f1    0x4  Code  Gb  xlocale_c.o [2]
main                     0x800'375f   0x28  Code  Gb  main.o [1]
memchr                   0x800'1201         Code  Gb  memchr.o [4]
memset                   0x800'3805   0x14  Code  Gb  memset.o [4]
pFlash                  0x2000'000c   0x20  Data  Gb  stm32l4xx_hal_flash.o [1]
pFunc_UTIL_Debug_Send   0x2000'06b8    0x4  Data  Gb  user_util.o [1]
pFunc_UTIL_Log_To_Mem   0x2000'1970    0x4  Data  Gb  user_util.o [1]
pModemProcessIRQTimer   0x2000'1960    0x4  Data  Gb  user_rtc.o [1]
sCheckList_Reg_Modbus_RTU
                        0x2000'00b0   0xdc  Data  Gb  user_app_modbus_rtu.o [1]
sEventAppComm           0x2000'0030   0x70  Data  Gb  user_app_comm.o [1]
sEventAppRs485          0x2000'01c4   0x50  Data  Gb  user_app_rs485.o [1]
sEventAppSensor         0x2000'0214   0x40  Data  Gb  user_app_sensor.o [1]
sLogData_ModbusRTU      0x2000'01bc    0x8  Data  Gb  user_app_modbus_rtu.o [1]
sMeasureADC             0x2000'1824   0x38  Data  Gb  user_app_sensor.o [1]
sRTC                    0x2000'1950    0xc  Data  Gb  user_util.o [1]
sSlave_ModbusRTU        0x2000'01b8    0x2  Data  Gb  user_app_modbus_rtu.o [1]
sUart485                0x2000'06ac    0x8  Data  Gb  user_rs485.o [1]
sUartDebug              0x2000'00a4    0x8  Data  Gb  user_app_comm.o [1]
scalbln                  0x800'1341         Code  Gb  ldexp.o [3]
scalblnl                 0x800'1341         Code  Gb  ldexp.o [3]
scalbn                   0x800'1341         Code  Gb  ldexp.o [3]
scalbnl                  0x800'1341         Code  Gb  ldexp.o [3]
scale                    0x800'1057   0x46  Code  Lc  xprintffull_nomb.o [2]
sec_hand                0x2000'1974    0x4  Data  Lc  xfail_s.o [2]
sprintf                  0x800'755d   0x40  Code  Gb  sprintf.o [2]
strATcmd                0x2000'06a0    0x8  Data  Gb  user_at_serial.o [1]
strchr                   0x800'118d         Code  Gb  strchr.o [4]
sztmp                   0x2000'0b0c  0x200  Data  Lc  user_adv_trace.o [1]
tiny_vsnprintf_like      0x800'5595  0x242  Code  Gb  user_tiny_vsnprintf.o [1]
uwTick                  0x2000'0004    0x4  Data  Gb  stm32l4xx_hal.o [1]
uwTickFreq              0x2000'0000    0x1  Data  Gb  stm32l4xx_hal.o [1]
uwTickPrio              0x2000'0008    0x4  Data  Gb  stm32l4xx_hal.o [1]
vcom_DeInit              0x800'422d   0x1e  Code  Gb  user_app_comm.o [1]
vcom_Init                0x800'4225    0x8  Code  Gb  user_app_comm.o [1]
vcom_Trace_DMA           0x800'4251   0x16  Code  Gb  user_app_comm.o [1]


[1] = D:\Saoviet_Git\Saoviet_Slave_Temp_Motor\Project_8Chanel_4-20mA_To_RS485\EWARM\Project_8Chanel_4-20mA_To_RS485\Obj
[2] = dl7M_tlf.a
[3] = m7M_tls.a
[4] = rt7M_tl.a
[5] = shb_l.a

  30'757 bytes of readonly  code memory
   2'094 bytes of readonly  data memory
   7'548 bytes of readwrite data memory

Errors: none
Warnings: none
