###############################################################################
#
# IAR ELF Linker V8.40.2.214/W32 for ARM                  17/Apr/2026  10:00:26
# Copyright 2007-2019 IAR Systems AB.
#
#    Output file  =
#        D:\Project_STM32\Temp_Humi_Viettel\Project_Temp_Humi_LCD_Ver_1\EWARM\Project_Temp_Humi_LCD\Exe\Project_Temp_Humi_LCD.out
#    Map file     =
#        D:\Project_STM32\Temp_Humi_Viettel\Project_Temp_Humi_LCD_Ver_1\EWARM\Project_Temp_Humi_LCD\List\Project_Temp_Humi_LCD.map
#    Command line =
#        -f C:\Users\PC\AppData\Local\Temp\EW2E92.tmp
#        (D:\Project_STM32\Temp_Humi_Viettel\Project_Temp_Humi_LCD_Ver_1\EWARM\Project_Temp_Humi_LCD\Obj\button.o
#        D:\Project_STM32\Temp_Humi_Viettel\Project_Temp_Humi_LCD_Ver_1\EWARM\Project_Temp_Humi_LCD\Obj\dma.o
#        D:\Project_STM32\Temp_Humi_Viettel\Project_Temp_Humi_LCD_Ver_1\EWARM\Project_Temp_Humi_LCD\Obj\event_driven.o
#        D:\Project_STM32\Temp_Humi_Viettel\Project_Temp_Humi_LCD_Ver_1\EWARM\Project_Temp_Humi_LCD\Obj\gpio.o
#        D:\Project_STM32\Temp_Humi_Viettel\Project_Temp_Humi_LCD_Ver_1\EWARM\Project_Temp_Humi_LCD\Obj\HS300x.o
#        D:\Project_STM32\Temp_Humi_Viettel\Project_Temp_Humi_LCD_Ver_1\EWARM\Project_Temp_Humi_LCD\Obj\i2c.o
#        D:\Project_STM32\Temp_Humi_Viettel\Project_Temp_Humi_LCD_Ver_1\EWARM\Project_Temp_Humi_LCD\Obj\iwdg.o
#        D:\Project_STM32\Temp_Humi_Viettel\Project_Temp_Humi_LCD_Ver_1\EWARM\Project_Temp_Humi_LCD\Obj\lcd.o
#        D:\Project_STM32\Temp_Humi_Viettel\Project_Temp_Humi_LCD_Ver_1\EWARM\Project_Temp_Humi_LCD\Obj\lcd_display.o
#        D:\Project_STM32\Temp_Humi_Viettel\Project_Temp_Humi_LCD_Ver_1\EWARM\Project_Temp_Humi_LCD\Obj\lcd_segment.o
#        D:\Project_STM32\Temp_Humi_Viettel\Project_Temp_Humi_LCD_Ver_1\EWARM\Project_Temp_Humi_LCD\Obj\main.o
#        D:\Project_STM32\Temp_Humi_Viettel\Project_Temp_Humi_LCD_Ver_1\EWARM\Project_Temp_Humi_LCD\Obj\onchipflash.o
#        D:\Project_STM32\Temp_Humi_Viettel\Project_Temp_Humi_LCD_Ver_1\EWARM\Project_Temp_Humi_LCD\Obj\queue_p.o
#        D:\Project_STM32\Temp_Humi_Viettel\Project_Temp_Humi_LCD_Ver_1\EWARM\Project_Temp_Humi_LCD\Obj\rtc.o
#        D:\Project_STM32\Temp_Humi_Viettel\Project_Temp_Humi_LCD_Ver_1\EWARM\Project_Temp_Humi_LCD\Obj\startup_stm32l433xx.o
#        D:\Project_STM32\Temp_Humi_Viettel\Project_Temp_Humi_LCD_Ver_1\EWARM\Project_Temp_Humi_LCD\Obj\stm32l4xx_hal.o
#        D:\Project_STM32\Temp_Humi_Viettel\Project_Temp_Humi_LCD_Ver_1\EWARM\Project_Temp_Humi_LCD\Obj\stm32l4xx_hal_cortex.o
#        D:\Project_STM32\Temp_Humi_Viettel\Project_Temp_Humi_LCD_Ver_1\EWARM\Project_Temp_Humi_LCD\Obj\stm32l4xx_hal_dma.o
#        D:\Project_STM32\Temp_Humi_Viettel\Project_Temp_Humi_LCD_Ver_1\EWARM\Project_Temp_Humi_LCD\Obj\stm32l4xx_hal_dma_ex.o
#        D:\Project_STM32\Temp_Humi_Viettel\Project_Temp_Humi_LCD_Ver_1\EWARM\Project_Temp_Humi_LCD\Obj\stm32l4xx_hal_exti.o
#        D:\Project_STM32\Temp_Humi_Viettel\Project_Temp_Humi_LCD_Ver_1\EWARM\Project_Temp_Humi_LCD\Obj\stm32l4xx_hal_flash.o
#        D:\Project_STM32\Temp_Humi_Viettel\Project_Temp_Humi_LCD_Ver_1\EWARM\Project_Temp_Humi_LCD\Obj\stm32l4xx_hal_flash_ex.o
#        D:\Project_STM32\Temp_Humi_Viettel\Project_Temp_Humi_LCD_Ver_1\EWARM\Project_Temp_Humi_LCD\Obj\stm32l4xx_hal_flash_ramfunc.o
#        D:\Project_STM32\Temp_Humi_Viettel\Project_Temp_Humi_LCD_Ver_1\EWARM\Project_Temp_Humi_LCD\Obj\stm32l4xx_hal_gpio.o
#        D:\Project_STM32\Temp_Humi_Viettel\Project_Temp_Humi_LCD_Ver_1\EWARM\Project_Temp_Humi_LCD\Obj\stm32l4xx_hal_i2c.o
#        D:\Project_STM32\Temp_Humi_Viettel\Project_Temp_Humi_LCD_Ver_1\EWARM\Project_Temp_Humi_LCD\Obj\stm32l4xx_hal_i2c_ex.o
#        D:\Project_STM32\Temp_Humi_Viettel\Project_Temp_Humi_LCD_Ver_1\EWARM\Project_Temp_Humi_LCD\Obj\stm32l4xx_hal_iwdg.o
#        D:\Project_STM32\Temp_Humi_Viettel\Project_Temp_Humi_LCD_Ver_1\EWARM\Project_Temp_Humi_LCD\Obj\stm32l4xx_hal_lcd.o
#        D:\Project_STM32\Temp_Humi_Viettel\Project_Temp_Humi_LCD_Ver_1\EWARM\Project_Temp_Humi_LCD\Obj\stm32l4xx_hal_msp.o
#        D:\Project_STM32\Temp_Humi_Viettel\Project_Temp_Humi_LCD_Ver_1\EWARM\Project_Temp_Humi_LCD\Obj\stm32l4xx_hal_pwr.o
#        D:\Project_STM32\Temp_Humi_Viettel\Project_Temp_Humi_LCD_Ver_1\EWARM\Project_Temp_Humi_LCD\Obj\stm32l4xx_hal_pwr_ex.o
#        D:\Project_STM32\Temp_Humi_Viettel\Project_Temp_Humi_LCD_Ver_1\EWARM\Project_Temp_Humi_LCD\Obj\stm32l4xx_hal_rcc.o
#        D:\Project_STM32\Temp_Humi_Viettel\Project_Temp_Humi_LCD_Ver_1\EWARM\Project_Temp_Humi_LCD\Obj\stm32l4xx_hal_rcc_ex.o
#        D:\Project_STM32\Temp_Humi_Viettel\Project_Temp_Humi_LCD_Ver_1\EWARM\Project_Temp_Humi_LCD\Obj\stm32l4xx_hal_rtc.o
#        D:\Project_STM32\Temp_Humi_Viettel\Project_Temp_Humi_LCD_Ver_1\EWARM\Project_Temp_Humi_LCD\Obj\stm32l4xx_hal_rtc_ex.o
#        D:\Project_STM32\Temp_Humi_Viettel\Project_Temp_Humi_LCD_Ver_1\EWARM\Project_Temp_Humi_LCD\Obj\stm32l4xx_hal_uart.o
#        D:\Project_STM32\Temp_Humi_Viettel\Project_Temp_Humi_LCD_Ver_1\EWARM\Project_Temp_Humi_LCD\Obj\stm32l4xx_hal_uart_ex.o
#        D:\Project_STM32\Temp_Humi_Viettel\Project_Temp_Humi_LCD_Ver_1\EWARM\Project_Temp_Humi_LCD\Obj\stm32l4xx_it.o
#        D:\Project_STM32\Temp_Humi_Viettel\Project_Temp_Humi_LCD_Ver_1\EWARM\Project_Temp_Humi_LCD\Obj\system_stm32l4xx.o
#        D:\Project_STM32\Temp_Humi_Viettel\Project_Temp_Humi_LCD_Ver_1\EWARM\Project_Temp_Humi_LCD\Obj\usart.o
#        D:\Project_STM32\Temp_Humi_Viettel\Project_Temp_Humi_LCD_Ver_1\EWARM\Project_Temp_Humi_LCD\Obj\user_adv_trace.o
#        D:\Project_STM32\Temp_Humi_Viettel\Project_Temp_Humi_LCD_Ver_1\EWARM\Project_Temp_Humi_LCD\Obj\user_app_comm.o
#        D:\Project_STM32\Temp_Humi_Viettel\Project_Temp_Humi_LCD_Ver_1\EWARM\Project_Temp_Humi_LCD\Obj\user_app_modbus_rtu.o
#        D:\Project_STM32\Temp_Humi_Viettel\Project_Temp_Humi_LCD_Ver_1\EWARM\Project_Temp_Humi_LCD\Obj\user_app_rs485.o
#        D:\Project_STM32\Temp_Humi_Viettel\Project_Temp_Humi_LCD_Ver_1\EWARM\Project_Temp_Humi_LCD\Obj\user_app_sensor.o
#        D:\Project_STM32\Temp_Humi_Viettel\Project_Temp_Humi_LCD_Ver_1\EWARM\Project_Temp_Humi_LCD\Obj\user_at_serial.o
#        D:\Project_STM32\Temp_Humi_Viettel\Project_Temp_Humi_LCD_Ver_1\EWARM\Project_Temp_Humi_LCD\Obj\user_com_seg.o
#        D:\Project_STM32\Temp_Humi_Viettel\Project_Temp_Humi_LCD_Ver_1\EWARM\Project_Temp_Humi_LCD\Obj\user_convert_variable.o
#        D:\Project_STM32\Temp_Humi_Viettel\Project_Temp_Humi_LCD_Ver_1\EWARM\Project_Temp_Humi_LCD\Obj\user_internal_mem.o
#        D:\Project_STM32\Temp_Humi_Viettel\Project_Temp_Humi_LCD_Ver_1\EWARM\Project_Temp_Humi_LCD\Obj\user_mem_comm.o
#        D:\Project_STM32\Temp_Humi_Viettel\Project_Temp_Humi_LCD_Ver_1\EWARM\Project_Temp_Humi_LCD\Obj\user_modbus_rtu.o
#        D:\Project_STM32\Temp_Humi_Viettel\Project_Temp_Humi_LCD_Ver_1\EWARM\Project_Temp_Humi_LCD\Obj\user_obis_sv.o
#        D:\Project_STM32\Temp_Humi_Viettel\Project_Temp_Humi_LCD_Ver_1\EWARM\Project_Temp_Humi_LCD\Obj\user_rs485.o
#        D:\Project_STM32\Temp_Humi_Viettel\Project_Temp_Humi_LCD_Ver_1\EWARM\Project_Temp_Humi_LCD\Obj\user_rtc.o
#        D:\Project_STM32\Temp_Humi_Viettel\Project_Temp_Humi_LCD_Ver_1\EWARM\Project_Temp_Humi_LCD\Obj\user_string.o
#        D:\Project_STM32\Temp_Humi_Viettel\Project_Temp_Humi_LCD_Ver_1\EWARM\Project_Temp_Humi_LCD\Obj\user_time.o
#        D:\Project_STM32\Temp_Humi_Viettel\Project_Temp_Humi_LCD_Ver_1\EWARM\Project_Temp_Humi_LCD\Obj\user_timer.o
#        D:\Project_STM32\Temp_Humi_Viettel\Project_Temp_Humi_LCD_Ver_1\EWARM\Project_Temp_Humi_LCD\Obj\user_tiny_vsnprintf.o
#        D:\Project_STM32\Temp_Humi_Viettel\Project_Temp_Humi_LCD_Ver_1\EWARM\Project_Temp_Humi_LCD\Obj\user_uart.o
#        D:\Project_STM32\Temp_Humi_Viettel\Project_Temp_Humi_LCD_Ver_1\EWARM\Project_Temp_Humi_LCD\Obj\user_util.o
#        --no_out_extension -o
#        D:\Project_STM32\Temp_Humi_Viettel\Project_Temp_Humi_LCD_Ver_1\EWARM\Project_Temp_Humi_LCD\Exe\Project_Temp_Humi_LCD.out
#        --redirect _Printf=_PrintfFullNoMb --redirect _Scanf=_ScanfFullNoMb
#        --map
#        D:\Project_STM32\Temp_Humi_Viettel\Project_Temp_Humi_LCD_Ver_1\EWARM\Project_Temp_Humi_LCD\List\Project_Temp_Humi_LCD.map
#        --config
#        D:\Project_STM32\Temp_Humi_Viettel\Project_Temp_Humi_LCD_Ver_1\EWARM/stm32l433xx_flash.icf
#        --semihosting --entry __iar_program_start --vfe --text_out locale)
#
###############################################################################

*******************************************************************************
*** RUNTIME MODEL ATTRIBUTES
***

CppFlavor       = *
__Heap_Handler  = DLMalloc
__SystemLibrary = DLib
__dlib_version  = 6


*******************************************************************************
*** HEAP SELECTION
***

The advanced heap was selected because the application calls memory
allocation functions outside of system library functions, and there
are calls to deallocation functions in the application.


*******************************************************************************
*** PLACEMENT SUMMARY
***

"A0":  place at address 0x800'0000 { ro section .intvec };
"P1":  place in [from 0x800'0000 to 0x803'ffff] { ro };
define block CSTACK with size = 1K, alignment = 8 { };
define block HEAP with size = 512, alignment = 8 { };
"P2":  place in [from 0x2000'0000 to 0x2000'ffff] {
          rw, block CSTACK, block HEAP };
initialize by copy { rw };

  Section            Kind         Address    Size  Object
  -------            ----         -------    ----  ------
"A0":                                       0x18c
  .intvec            ro code   0x800'0000   0x18c  startup_stm32l433xx.o [1]
                             - 0x800'018c   0x18c

"P1":                                      0xe3d0
  .text              ro code   0x800'018c  0x155c  user_app_modbus_rtu.o [1]
  .text              ro code   0x800'16e8   0x40c  user_convert_variable.o [1]
  .text              ro code   0x800'1af4    0x1a  U32ToDbl.o [3]
  .text              ro code   0x800'1b0e    0x3a  zero_init3.o [4]
  .text              ro code   0x800'1b48    0x22  math_wrappers64.o [3]
  .text              ro code   0x800'1b6a    0x1a  xsnprout.o [2]
  .text              ro code   0x800'1b84    0x3a  DblToS32.o [3]
  .text              ro code   0x800'1bbe     0xa  xsprout.o [2]
  .text              ro code   0x800'1bc8  0x122c  user_app_sensor.o [1]
  .text              ro code   0x800'2df4   0x234  stm32l4xx_hal_gpio.o [1]
  .text              ro code   0x800'3028    0x28  stm32l4xx_hal.o [1]
  .text              ro code   0x800'3050   0xdd8  stm32l4xx_hal_uart.o [1]
  .text              ro code   0x800'3e28    0x66  ABImemset.o [4]
  .rodata            const     0x800'3e8e     0x2  lcd_display.o [1]
  .text              ro code   0x800'3e90   0x172  onchipflash.o [1]
  .rodata            const     0x800'4002     0x2  xlocale_c.o [2]
  .text              ro code   0x800'4004   0x21c  user_util.o [1]
  .text              ro code   0x800'4220   0x1cc  user_modbus_rtu.o [1]
  .text              ro code   0x800'43ec   0x230  I64DivMod.o [4]
  .text              ro code   0x800'461c    0x48  FltToDbl.o [3]
  .text              ro code   0x800'4664    0x22  S32ToDbl.o [3]
  .rodata            const     0x800'4686     0x1  xlocale_c.o [2]
  .text              ro code   0x800'4688   0x1a2  DblMul.o [3]
  .text              ro code   0x800'482c   0x17a  DblAdd.o [3]
  .text              ro code   0x800'49a8    0x68  DblToFlt.o [3]
  .text              ro code   0x800'4a10   0x31c  logx64.o [3]
  .text              ro code   0x800'4d2c   0x6ec  pow64.o [3]
  .text              ro code   0x800'5418   0x934  stm32l4xx_hal_i2c.o [1]
  .text              ro code   0x800'5d4c   0x108  HS300x.o [1]
  .text              ro code   0x800'5e54    0x42  event_driven.o [1]
  .text              ro code   0x800'5e98    0xf4  i2c.o [1]
  .text              ro code   0x800'5f8c    0x80  stm32l4xx_hal_iwdg.o [1]
  .text              ro code   0x800'600c     0xc  stm32l4xx_hal.o [1]
  .text              ro code   0x800'6018    0xa6  ABImemcpy.o [4]
  .text              ro code   0x800'60c0   0x120  usart.o [1]
  .text              ro code   0x800'61e0   0x2e0  stm32l4xx_hal_dma.o [1]
  .text              ro code   0x800'64c0    0xb0  user_uart.o [1]
  .text              ro code   0x800'6570     0x2  stm32l4xx_hal_uart_ex.o [1]
  .text              ro code   0x800'6574   0x9fc  stm32l4xx_hal_rcc.o [1]
  .text              ro code   0x800'6f70     0x2  stm32l4xx_hal_uart.o [1]
  .text              ro code   0x800'6f74   0x1b8  stm32l4xx_hal_flash.o [1]
  .text              ro code   0x800'712c    0xa0  stm32l4xx_hal_flash_ex.o [1]
  .text              ro code   0x800'71cc    0x36  strlen.o [4]
  .text              ro code   0x800'7204   0x246  DblDiv.o [3]
  .text              ro code   0x800'744c    0x40  sprintf.o [2]
  .text              ro code   0x800'748c     0x2  I64DivZer.o [4]
  .text              ro code   0x800'7490    0xe2  DblSub.o [3]
  .text              ro code   0x800'7574    0x70  frexp.o [3]
  .text              ro code   0x800'75e4    0x2e  DblCmpLe.o [3]
  .text              ro code   0x800'7614    0x20  DblCmpEq.o [3]
  .text              ro code   0x800'7634    0x2e  DblCmpGe.o [3]
  .text              ro code   0x800'7664   0x3e8  iar_Exp64.o [3]
  .text              ro code   0x800'7a4c    0x14  memset.o [4]
  .text              ro code   0x800'7a60    0xc2  main.o [1]
  .text              ro code   0x800'7b24    0xc6  stm32l4xx_hal_i2c_ex.o [1]
  .text              ro code   0x800'7bec   0x4e8  stm32l4xx_hal_rcc_ex.o [1]
  .text              ro code   0x800'80d4   0x15c  stm32l4xx_hal_cortex.o [1]
  .text              ro code   0x800'8230    0x70  user_rs485.o [1]
  .text              ro code   0x800'82a0   0x23a  user_adv_trace.o [1]
  .text              ro code   0x800'84dc   0x2fc  user_app_comm.o [1]
  .text              ro code   0x800'87d8    0x60  stm32l4xx_hal.o [1]
  .text              ro code   0x800'8838    0x94  stm32l4xx_hal_pwr_ex.o [1]
  .text              ro code   0x800'88cc   0xfc6  xprintffull_nomb.o [2]
  .text              ro code   0x800'9894   0x13a  ldexp.o [3]
  .text              ro code   0x800'99d0    0x24  stm32l4xx_hal.o [1]
  .text              ro code   0x800'99f4   0x158  gpio.o [1]
  .text              ro code   0x800'9b4c    0x2c  dma.o [1]
  .text              ro code   0x800'9b78   0x190  lcd.o [1]
  .text              ro code   0x800'9d08   0x140  rtc.o [1]
  .text              ro code   0x800'9e48    0x2c  iwdg.o [1]
  .text              ro code   0x800'9e74   0x350  user_tiny_vsnprintf.o [1]
  .text              ro code   0x800'a1c4   0x310  user_timer.o [1]
  .text              ro code   0x800'a4d4   0x1c8  user_at_serial.o [1]
  .text              ro code   0x800'a69c    0x58  user_time.o [1]
  .text              ro code   0x800'a6f4   0x144  user_app_rs485.o [1]
  .text              ro code   0x800'a838   0x828  lcd_display.o [1]
  .text              ro code   0x800'b060    0x16  strchr.o [4]
  .text              ro code   0x800'b078    0x40  xfail_s.o [2]
  .text              ro code   0x800'b0b8    0x58  memchr.o [4]
  .text              ro code   0x800'b110    0x28  DblToU32.o [3]
  .text              ro code   0x800'b138     0x8  xlocale_c.o [2]
  .text              ro code   0x800'b140    0x38  stm32l4xx_hal_msp.o [1]
  .text              ro code   0x800'b178   0x19c  stm32l4xx_hal_lcd.o [1]
  .text              ro code   0x800'b314   0x8f6  stm32l4xx_hal_rtc.o [1]
  .text              ro code   0x800'bc0a   0x1e6  user_string.o [1]
  .text              ro code   0x800'bdf0   0x268  user_com_seg.o [1]
  .text              ro code   0x800'c058   0xad8  button.o [1]
  .text              ro code   0x800'cb30    0x70  strncpy.o [4]
  .text              ro code   0x800'cba0    0x44  snprintf.o [2]
  .text              ro code   0x800'cbe4    0xa0  lcd_segment.o [1]
  .text              ro code   0x800'cc84     0x6  abort.o [2]
  .text              ro code   0x800'cc8c    0x14  exit.o [5]
  .rodata            const     0x800'cca0    0x34  user_app_sensor.o [1]
  .rodata            const     0x800'ccd8   0x420  pow64.o [3]
  .text              ro code   0x800'd0f8   0x398  user_rtc.o [1]
  .text              ro code   0x800'd490    0x48  stm32l4xx_hal_rtc_ex.o [1]
  .text              ro code   0x800'd4d8    0x78  lz77_init_single.o [4]
  .text              ro code   0x800'd550    0x40  stm32l4xx_it.o [1]
  .text              ro code   0x800'd590    0x18  stm32l4xx_hal.o [1]
  .rodata            const     0x800'd5a8    0x34  user_app_sensor.o [1]
  .rodata            const     0x800'd5dc    0x34  user_app_sensor.o [1]
  .rodata            const     0x800'd610    0x34  user_app_sensor.o [1]
  .rodata            const     0x800'd644    0x34  user_app_sensor.o [1]
  .rodata            const     0x800'd678    0x34  user_app_sensor.o [1]
  .rodata            const     0x800'd6ac    0x34  user_app_sensor.o [1]
  .rodata            const     0x800'd6e0    0x30  system_stm32l4xx.o [1]
  .rodata            const     0x800'd710    0x2c  user_rtc.o [1]
  .rodata            const     0x800'd73c    0x28  user_tiny_vsnprintf.o [1]
  .rodata            const     0x800'd764    0x28  user_tiny_vsnprintf.o [1]
  .text              ro code   0x800'd78c    0x28  data_init.o [4]
  .rodata            const     0x800'd7b4    0x24  user_com_seg.o [1]
  .text              ro code   0x800'd7d8    0x22  fpinit_M.o [3]
  .iar.init_table    const     0x800'd7fc    0x20  - Linker created -
  .rodata            const     0x800'd81c    0x20  user_app_comm.o [1]
  .rodata            const     0x800'd83c    0x20  user_rtc.o [1]
  .text              ro code   0x800'd85c    0x1e  cmain.o [4]
  .text              ro code   0x800'd87a     0x4  low_level_init.o [2]
  .text              ro code   0x800'd87e     0x4  exit.o [2]
  .text              ro code   0x800'd884     0xa  cexit.o [4]
  .rodata            const     0x800'd890    0x1c  user_app_comm.o [1]
  .rodata            const     0x800'd8ac    0x1c  user_app_comm.o [1]
  .rodata            const     0x800'd8c8    0x1c  user_app_comm.o [1]
  .rodata            const     0x800'd8e4    0x1c  user_uart.o [1]
  .rodata            const     0x800'd900    0x18  user_app_comm.o [1]
  .rodata            const     0x800'd918    0x14  user_at_serial.o [1]
  .rodata            const     0x800'd92c    0x14  user_at_serial.o [1]
  .rodata            const     0x800'd940    0x14  user_at_serial.o [1]
  .rodata            const     0x800'd954    0x14  user_at_serial.o [1]
  .rodata            const     0x800'd968    0x14  user_at_serial.o [1]
  .rodata            const     0x800'd97c    0x10  system_stm32l4xx.o [1]
  .rodata            const     0x800'd98c    0x10  user_app_sensor.o [1]
  .rodata            const     0x800'd99c    0x10  user_at_serial.o [1]
  .rodata            const     0x800'd9ac    0x10  user_at_serial.o [1]
  .rodata            const     0x800'd9bc    0x10  user_at_serial.o [1]
  .rodata            const     0x800'd9cc    0x10  user_at_serial.o [1]
  .rodata            const     0x800'd9dc    0x10  user_at_serial.o [1]
  .rodata            const     0x800'd9ec    0x10  user_at_serial.o [1]
  .rodata            const     0x800'd9fc    0x10  user_at_serial.o [1]
  .rodata            const     0x800'da0c    0x10  user_at_serial.o [1]
  .rodata            const     0x800'da1c    0x10  user_at_serial.o [1]
  .rodata            const     0x800'da2c    0x10  user_at_serial.o [1]
  .rodata            const     0x800'da3c    0x10  user_at_serial.o [1]
  .rodata            const     0x800'da4c    0x10  user_at_serial.o [1]
  .rodata            const     0x800'da5c    0x10  user_at_serial.o [1]
  .rodata            const     0x800'da6c    0x10  user_at_serial.o [1]
  .rodata            const     0x800'da7c    0x10  user_at_serial.o [1]
  .rodata            const     0x800'da8c    0x10  user_at_serial.o [1]
  .rodata            const     0x800'da9c    0x10  user_at_serial.o [1]
  .rodata            const     0x800'daac    0x10  user_at_serial.o [1]
  .rodata            const     0x800'dabc    0x10  user_at_serial.o [1]
  .rodata            const     0x800'dacc    0x10  user_at_serial.o [1]
  .rodata            const     0x800'dadc    0x10  user_at_serial.o [1]
  .rodata            const     0x800'daec    0x10  user_at_serial.o [1]
  .rodata            const     0x800'dafc    0x10  user_at_serial.o [1]
  .rodata            const     0x800'db0c    0x10  user_at_serial.o [1]
  .rodata            const     0x800'db1c    0x10  user_at_serial.o [1]
  .rodata            const     0x800'db2c    0x10  user_at_serial.o [1]
  .rodata            const     0x800'db3c    0x10  user_at_serial.o [1]
  .rodata            const     0x800'db4c    0x10  user_at_serial.o [1]
  .rodata            const     0x800'db5c    0x10  user_at_serial.o [1]
  .rodata            const     0x800'db6c    0x10  user_at_serial.o [1]
  .rodata            const     0x800'db7c    0x10  user_at_serial.o [1]
  .rodata            const     0x800'db8c    0x10  user_at_serial.o [1]
  .rodata            const     0x800'db9c    0x10  user_at_serial.o [1]
  .rodata            const     0x800'dbac    0x10  user_at_serial.o [1]
  .rodata            const     0x800'dbbc    0x10  user_at_serial.o [1]
  .rodata            const     0x800'dbcc    0x10  user_at_serial.o [1]
  .rodata            const     0x800'dbdc    0x10  user_at_serial.o [1]
  .text              ro code   0x800'dbec    0x10  startup_stm32l433xx.o [1]
  .text              ro code   0x800'dbfc    0x10  system_stm32l4xx.o [1]
  .rodata            const     0x800'dc0c     0xc  user_app_comm.o [1]
  .rodata            const     0x800'dc18     0xc  user_app_sensor.o [1]
  .rodata            const     0x800'dc24     0xc  user_at_serial.o [1]
  .rodata            const     0x800'dc30     0xc  user_at_serial.o [1]
  .rodata            const     0x800'dc3c     0xc  user_at_serial.o [1]
  .rodata            const     0x800'dc48     0xc  user_at_serial.o [1]
  .rodata            const     0x800'dc54     0xc  user_at_serial.o [1]
  .rodata            const     0x800'dc60     0xc  user_at_serial.o [1]
  .rodata            const     0x800'dc6c     0xc  user_at_serial.o [1]
  .rodata            const     0x800'dc78     0xc  user_at_serial.o [1]
  .rodata            const     0x800'dc84     0xc  user_at_serial.o [1]
  .rodata            const     0x800'dc90     0xc  user_at_serial.o [1]
  .rodata            const     0x800'dc9c     0xc  user_at_serial.o [1]
  .rodata            const     0x800'dca8     0xc  user_at_serial.o [1]
  .rodata            const     0x800'dcb4     0xc  user_at_serial.o [1]
  .rodata            const     0x800'dcc0     0xc  user_at_serial.o [1]
  .rodata            const     0x800'dccc     0xc  user_at_serial.o [1]
  .rodata            const     0x800'dcd8     0xc  user_at_serial.o [1]
  .rodata            const     0x800'dce4     0xc  user_at_serial.o [1]
  .rodata            const     0x800'dcf0     0xc  user_at_serial.o [1]
  .rodata            const     0x800'dcfc     0xc  user_at_serial.o [1]
  .rodata            const     0x800'dd08     0xc  user_at_serial.o [1]
  .rodata            const     0x800'dd14     0xc  user_at_serial.o [1]
  .rodata            const     0x800'dd20     0xc  user_at_serial.o [1]
  .rodata            const     0x800'dd2c     0xc  user_at_serial.o [1]
  .rodata            const     0x800'dd38     0xc  user_at_serial.o [1]
  .rodata            const     0x800'dd44     0xc  user_at_serial.o [1]
  .rodata            const     0x800'dd50     0xc  user_at_serial.o [1]
  .rodata            const     0x800'dd5c     0xc  user_at_serial.o [1]
  .rodata            const     0x800'dd68     0xc  user_at_serial.o [1]
  .rodata            const     0x800'dd74     0xc  user_rtc.o [1]
  .rodata            const     0x800'dd80     0xc  user_rtc.o [1]
  .text              ro code   0x800'dd8c     0xc  cstartup_M.o [4]
  .rodata            const     0x800'dd98     0x8  lcd_display.o [1]
  .rodata            const     0x800'dda0     0x8  lcd_display.o [1]
  .rodata            const     0x800'dda8     0x8  lcd_display.o [1]
  .rodata            const     0x800'ddb0     0x8  lcd_display.o [1]
  .rodata            const     0x800'ddb8     0x8  lcd_display.o [1]
  .rodata            const     0x800'ddc0     0x8  lcd_display.o [1]
  .rodata            const     0x800'ddc8     0x8  lcd_display.o [1]
  .rodata            const     0x800'ddd0     0x8  lcd_display.o [1]
  .rodata            const     0x800'ddd8     0x8  lcd_display.o [1]
  .rodata            const     0x800'dde0     0x8  lcd_display.o [1]
  .rodata            const     0x800'dde8     0x8  lcd_display.o [1]
  .rodata            const     0x800'ddf0     0x8  lcd_display.o [1]
  .rodata            const     0x800'ddf8     0x8  system_stm32l4xx.o [1]
  .rodata            const     0x800'de00     0x8  user_app_modbus_rtu.o [1]
  .rodata            const     0x800'de08     0x8  user_app_modbus_rtu.o [1]
  .rodata            const     0x800'de10     0x8  user_app_sensor.o [1]
  .rodata            const     0x800'de18     0x8  user_app_sensor.o [1]
  .rodata            const     0x800'de20     0x8  user_app_sensor.o [1]
  .rodata            const     0x800'de28     0x8  user_app_sensor.o [1]
  .rodata            const     0x800'de30     0x8  user_app_sensor.o [1]
  .rodata            const     0x800'de38     0x8  user_app_sensor.o [1]
  .rodata            const     0x800'de40     0x8  user_app_sensor.o [1]
  .rodata            const     0x800'de48     0x8  user_app_sensor.o [1]
  .rodata            const     0x800'de50     0x8  user_at_serial.o [1]
  .rodata            const     0x800'de58     0x8  user_at_serial.o [1]
  .rodata            const     0x800'de60     0x8  user_at_serial.o [1]
  .rodata            const     0x800'de68     0x8  user_at_serial.o [1]
  .rodata            const     0x800'de70     0x8  user_at_serial.o [1]
  .rodata            const     0x800'de78     0x8  user_tiny_vsnprintf.o [1]
  .rodata            const     0x800'de80     0x8  user_util.o [1]
  .rodata            const     0x800'de88     0x8  xprintffull_nomb.o [2]
  .rodata            const     0x800'de90     0x4  lcd_display.o [1]
  .rodata            const     0x800'de94     0x4  lcd_display.o [1]
  .rodata            const     0x800'de98     0x4  lcd_display.o [1]
  .text              ro code   0x800'de9c     0x4  startup_stm32l433xx.o [1]
  .text              ro code   0x800'dea0     0x4  startup_stm32l433xx.o [1]
  .text              ro code   0x800'dea4     0x4  startup_stm32l433xx.o [1]
  .text              ro code   0x800'dea8     0x4  startup_stm32l433xx.o [1]
  .text              ro code   0x800'deac     0x4  startup_stm32l433xx.o [1]
  .text              ro code   0x800'deb0     0x4  startup_stm32l433xx.o [1]
  .text              ro code   0x800'deb4     0x4  startup_stm32l433xx.o [1]
  .text              ro code   0x800'deb8     0x4  startup_stm32l433xx.o [1]
  .text              ro code   0x800'debc     0x4  startup_stm32l433xx.o [1]
  .text              ro code   0x800'dec0     0x4  startup_stm32l433xx.o [1]
  .text              ro code   0x800'dec4     0x4  startup_stm32l433xx.o [1]
  .text              ro code   0x800'dec8     0x4  startup_stm32l433xx.o [1]
  .text              ro code   0x800'decc     0x4  startup_stm32l433xx.o [1]
  .text              ro code   0x800'ded0     0x4  startup_stm32l433xx.o [1]
  .text              ro code   0x800'ded4     0x4  startup_stm32l433xx.o [1]
  .text              ro code   0x800'ded8     0x4  startup_stm32l433xx.o [1]
  .text              ro code   0x800'dedc     0x4  startup_stm32l433xx.o [1]
  .text              ro code   0x800'dee0     0x4  startup_stm32l433xx.o [1]
  .text              ro code   0x800'dee4     0x4  startup_stm32l433xx.o [1]
  .text              ro code   0x800'dee8     0x4  startup_stm32l433xx.o [1]
  .text              ro code   0x800'deec     0x4  startup_stm32l433xx.o [1]
  .text              ro code   0x800'def0     0x4  startup_stm32l433xx.o [1]
  .text              ro code   0x800'def4     0x4  startup_stm32l433xx.o [1]
  .text              ro code   0x800'def8     0x4  startup_stm32l433xx.o [1]
  .text              ro code   0x800'defc     0x4  startup_stm32l433xx.o [1]
  .text              ro code   0x800'df00     0x4  startup_stm32l433xx.o [1]
  .text              ro code   0x800'df04     0x4  startup_stm32l433xx.o [1]
  .text              ro code   0x800'df08     0x4  startup_stm32l433xx.o [1]
  .text              ro code   0x800'df0c     0x4  startup_stm32l433xx.o [1]
  .text              ro code   0x800'df10     0x4  startup_stm32l433xx.o [1]
  .text              ro code   0x800'df14     0x4  startup_stm32l433xx.o [1]
  .text              ro code   0x800'df18     0x4  startup_stm32l433xx.o [1]
  .text              ro code   0x800'df1c     0x4  startup_stm32l433xx.o [1]
  .text              ro code   0x800'df20     0x4  startup_stm32l433xx.o [1]
  .text              ro code   0x800'df24     0x4  startup_stm32l433xx.o [1]
  .text              ro code   0x800'df28     0x4  startup_stm32l433xx.o [1]
  .text              ro code   0x800'df2c     0x4  startup_stm32l433xx.o [1]
  .text              ro code   0x800'df30     0x4  startup_stm32l433xx.o [1]
  .text              ro code   0x800'df34     0x4  startup_stm32l433xx.o [1]
  .text              ro code   0x800'df38     0x4  startup_stm32l433xx.o [1]
  .text              ro code   0x800'df3c     0x4  startup_stm32l433xx.o [1]
  .text              ro code   0x800'df40     0x4  startup_stm32l433xx.o [1]
  .text              ro code   0x800'df44     0x4  startup_stm32l433xx.o [1]
  .text              ro code   0x800'df48     0x4  startup_stm32l433xx.o [1]
  .text              ro code   0x800'df4c     0x4  startup_stm32l433xx.o [1]
  .text              ro code   0x800'df50     0x4  startup_stm32l433xx.o [1]
  .text              ro code   0x800'df54     0x4  startup_stm32l433xx.o [1]
  .text              ro code   0x800'df58     0x4  startup_stm32l433xx.o [1]
  .text              ro code   0x800'df5c     0x4  startup_stm32l433xx.o [1]
  .text              ro code   0x800'df60     0x4  startup_stm32l433xx.o [1]
  .text              ro code   0x800'df64     0x4  startup_stm32l433xx.o [1]
  .text              ro code   0x800'df68     0x4  startup_stm32l433xx.o [1]
  .text              ro code   0x800'df6c     0x4  startup_stm32l433xx.o [1]
  .text              ro code   0x800'df70     0x4  startup_stm32l433xx.o [1]
  .text              ro code   0x800'df74     0x4  startup_stm32l433xx.o [1]
  .text              ro code   0x800'df78     0x4  startup_stm32l433xx.o [1]
  .text              ro code   0x800'df7c     0x4  startup_stm32l433xx.o [1]
  .text              ro code   0x800'df80     0x4  startup_stm32l433xx.o [1]
  .text              ro code   0x800'df84     0x4  startup_stm32l433xx.o [1]
  .text              ro code   0x800'df88     0x4  startup_stm32l433xx.o [1]
  .text              ro code   0x800'df8c     0x4  startup_stm32l433xx.o [1]
  .text              ro code   0x800'df90     0x4  startup_stm32l433xx.o [1]
  .text              ro code   0x800'df94     0x4  startup_stm32l433xx.o [1]
  .text              ro code   0x800'df98     0x4  startup_stm32l433xx.o [1]
  .rodata            const     0x800'df9c     0x0  zero_init3.o [4]
  .rodata            const     0x800'df9c     0x0  lz77_init_single.o [4]
  Initializer bytes  const     0x800'df9c   0x5c0  <for P2-1>
                             - 0x800'e55c  0xe3d0

"P2", part 1 of 3:                          0xca9
  P2-1                        0x2000'0000   0xca9  <Init block>
    .data            inited   0x2000'0000     0xc  button.o [1]
    .data            inited   0x2000'000c    0x70  lcd_display.o [1]
    .data            inited   0x2000'007c    0x2c  lcd_display.o [1]
    .data            inited   0x2000'00a8     0x4  lcd_display.o [1]
    .data            inited   0x2000'00ac     0x4  lcd_display.o [1]
    .data            inited   0x2000'00b0     0x4  lcd_display.o [1]
    .data            inited   0x2000'00b4   0x2a0  lcd_display.o [1]
    .data            inited   0x2000'0354     0x4  stm32l4xx_hal.o [1]
    .data            inited   0x2000'0358    0x20  stm32l4xx_hal_flash.o [1]
    .data            inited   0x2000'0378     0x4  system_stm32l4xx.o [1]
    .data            inited   0x2000'037c    0x70  user_app_comm.o [1]
    .data            inited   0x2000'03ec     0x8  user_app_comm.o [1]
    .data            inited   0x2000'03f4   0x1f4  user_app_modbus_rtu.o [1]
    .data            inited   0x2000'05e8    0x2c  user_app_modbus_rtu.o [1]
    .data            inited   0x2000'0614     0x8  user_app_modbus_rtu.o [1]
    .data            inited   0x2000'061c    0x40  user_app_rs485.o [1]
    .data            inited   0x2000'065c    0xa0  user_app_sensor.o [1]
    .data            inited   0x2000'06fc     0x4  user_app_sensor.o [1]
    .data            inited   0x2000'0700     0x8  user_at_serial.o [1]
    .data            inited   0x2000'0708   0x4a0  user_at_serial.o [1]
    .data            inited   0x2000'0ba8    0xa8  user_com_seg.o [1]
    .data            inited   0x2000'0c50     0xc  user_com_seg.o [1]
    .data            inited   0x2000'0c5c     0x8  user_rs485.o [1]
    .data            inited   0x2000'0c64     0x4  user_tiny_vsnprintf.o [1]
    .data            inited   0x2000'0c68     0x4  user_tiny_vsnprintf.o [1]
    .data            inited   0x2000'0c6c    0x38  xlocale_c.o [2]
    .data            inited   0x2000'0ca4     0x2  user_app_modbus_rtu.o [1]
    .data            inited   0x2000'0ca6     0x1  stm32l4xx_hal.o [1]
    .data            inited   0x2000'0ca7     0x1  user_app_sensor.o [1]
    .data            inited   0x2000'0ca8     0x1  user_util.o [1]
                            - 0x2000'0ca9   0xca9

"P2", part 2 of 3:                         0x13d0
  .bss               zero     0x2000'0cac   0x4b0  user_app_comm.o [1]
  .bss               zero     0x2000'115c   0x400  user_adv_trace.o [1]
  .bss               zero     0x2000'155c   0x200  user_adv_trace.o [1]
  .bss               zero     0x2000'175c   0x200  user_rs485.o [1]
  .bss               zero     0x2000'195c   0x150  lcd_display.o [1]
  .bss               zero     0x2000'1aac    0x88  usart.o [1]
  .bss               zero     0x2000'1b34    0x80  user_app_modbus_rtu.o [1]
  .bss               zero     0x2000'1bb4    0x80  user_app_modbus_rtu.o [1]
  .bss               zero     0x2000'1c34    0x80  user_app_modbus_rtu.o [1]
  .bss               zero     0x2000'1cb4    0x80  user_at_serial.o [1]
  .bss               zero     0x2000'1d34    0x80  user_at_serial.o [1]
  .bss               zero     0x2000'1db4    0x54  i2c.o [1]
  .bss               zero     0x2000'1e08    0x54  lcd_display.o [1]
  .bss               zero     0x2000'1e5c    0x48  usart.o [1]
  .bss               zero     0x2000'1ea4    0x3c  lcd.o [1]
  .bss               zero     0x2000'1ee0    0x2c  user_rtc.o [1]
  .bss               zero     0x2000'1f0c    0x24  rtc.o [1]
  .bss               zero     0x2000'1f30    0x20  user_app_sensor.o [1]
  .bss               zero     0x2000'1f50    0x1c  user_app_sensor.o [1]
  .bss               zero     0x2000'1f6c    0x1c  user_rtc.o [1]
  .bss               zero     0x2000'1f88    0x18  button.o [1]
  .bss               zero     0x2000'1fa0    0x18  user_adv_trace.o [1]
  .bss               zero     0x2000'1fb8    0x18  user_app_comm.o [1]
  .bss               zero     0x2000'1fd0    0x14  user_app_sensor.o [1]
  .bss               zero     0x2000'1fe4    0x10  iwdg.o [1]
  .bss               zero     0x2000'1ff4    0x10  lcd_display.o [1]
  .bss               zero     0x2000'2004     0xc  user_app_sensor.o [1]
  .bss               zero     0x2000'2010     0xc  user_util.o [1]
  .bss               zero     0x2000'201c     0x8  user_app_sensor.o [1]
  .bss               zero     0x2000'2024     0x8  user_app_sensor.o [1]
  .bss               zero     0x2000'202c     0x4  button.o [1]
  .bss               zero     0x2000'2030     0x4  stm32l4xx_hal.o [1]
  .bss               zero     0x2000'2034     0x4  user_app_comm.o [1]
  .bss               zero     0x2000'2038     0x4  user_app_sensor.o [1]
  .bss               zero     0x2000'203c     0x4  user_app_sensor.o [1]
  .bss               zero     0x2000'2040     0x4  user_app_sensor.o [1]
  .bss               zero     0x2000'2044     0x4  user_app_sensor.o [1]
  .bss               zero     0x2000'2048     0x4  user_com_seg.o [1]
  .bss               zero     0x2000'204c     0x4  user_com_seg.o [1]
  .bss               zero     0x2000'2050     0x4  user_rtc.o [1]
  .bss               zero     0x2000'2054     0x4  user_timer.o [1]
  .bss               zero     0x2000'2058     0x4  user_util.o [1]
  .bss               zero     0x2000'205c     0x4  user_util.o [1]
  .bss               zero     0x2000'2060     0x4  user_util.o [1]
  .bss               zero     0x2000'2064     0x4  xfail_s.o [2]
  .bss               zero     0x2000'2068     0x2  button.o [1]
  .bss               zero     0x2000'206a     0x2  user_app_comm.o [1]
  .bss               zero     0x2000'206c     0x2  user_uart.o [1]
  .bss               zero     0x2000'206e     0x1  button.o [1]
  .bss               zero     0x2000'206f     0x1  HS300x.o [1]
  .bss               zero     0x2000'2070     0x1  lcd_display.o [1]
  .bss               zero     0x2000'2071     0x1  user_app_comm.o [1]
  .bss               zero     0x2000'2072     0x1  user_app_rs485.o [1]
  .bss               zero     0x2000'2073     0x1  user_app_sensor.o [1]
  .bss               zero     0x2000'2074     0x1  user_app_sensor.o [1]
  .bss               zero     0x2000'2075     0x1  user_at_serial.o [1]
  .bss               zero     0x2000'2076     0x1  user_rs485.o [1]
  .bss               zero     0x2000'2077     0x1  user_rs485.o [1]
  .bss               zero     0x2000'2078     0x1  user_rtc.o [1]
  .bss               zero     0x2000'2079     0x1  user_uart.o [1]
                            - 0x2000'207a  0x13ce

"P2", part 3 of 3:                          0x400
  CSTACK                      0x2000'2080   0x400  <Block>
    CSTACK           uninit   0x2000'2080   0x400  <Block tail>
                            - 0x2000'2480   0x400

Unused ranges:

         From           To      Size
         ----           --      ----
   0x800'e55c   0x803'ffff  0x3'1aa4
  0x2000'0ca9  0x2000'0cab       0x3
  0x2000'207c  0x2000'207f       0x4
  0x2000'2480  0x2000'ffff    0xdb80


*******************************************************************************
*** INIT TABLE
***

          Address      Size
          -------      ----
Zero (__iar_zero_init3)
    1 destination range, total size 0x13ce:
          0x2000'0cac  0x13ce

Copy/lz77 (__iar_lz77_init_single3)
    1 source range, total size 0x5c0 (45% of destination):
           0x800'df9c   0x5c0
    1 destination range, total size 0xca9:
          0x2000'0000   0xca9



*******************************************************************************
*** MODULE SUMMARY
***

    Module                    ro code  ro data  rw data
    ------                    -------  -------  -------
command line/config:
    ---------------------------------------------------
    Total:

D:\Project_STM32\Temp_Humi_Viettel\Project_Temp_Humi_LCD_Ver_1\EWARM\Project_Temp_Humi_LCD\Obj: [1]
    HS300x.o                      264                 1
    button.o                    2'776        5       43
    dma.o                          44
    event_driven.o                 66
    gpio.o                        344
    i2c.o                         244                84
    iwdg.o                         44                16
    lcd.o                         400                60
    lcd_display.o               2'088      491    1'277
    lcd_segment.o                 160
    main.o                        194
    onchipflash.o                 370
    rtc.o                         320                36
    startup_stm32l433xx.o         668
    stm32l4xx_hal.o               208        3        9
    stm32l4xx_hal_cortex.o        348
    stm32l4xx_hal_dma.o           736
    stm32l4xx_hal_flash.o         440       15       32
    stm32l4xx_hal_flash_ex.o      160
    stm32l4xx_hal_gpio.o          564
    stm32l4xx_hal_i2c.o         2'356
    stm32l4xx_hal_i2c_ex.o        198
    stm32l4xx_hal_iwdg.o          128
    stm32l4xx_hal_lcd.o           412
    stm32l4xx_hal_msp.o            56
    stm32l4xx_hal_pwr_ex.o        148
    stm32l4xx_hal_rcc.o         2'556
    stm32l4xx_hal_rcc_ex.o      1'256
    stm32l4xx_hal_rtc.o         2'294
    stm32l4xx_hal_rtc_ex.o         72
    stm32l4xx_hal_uart.o        3'546
    stm32l4xx_hal_uart_ex.o         2
    stm32l4xx_it.o                 64
    system_stm32l4xx.o             16       74        4
    usart.o                       288               208
    user_adv_trace.o              570             1'560
    user_app_comm.o               764      206    1'351
    user_app_modbus_rtu.o       5'468      268      938
    user_app_rs485.o              324       29       65
    user_app_sensor.o           4'652      530      291
    user_at_serial.o              456    1'610    1'449
    user_com_seg.o                616      118      188
    user_convert_variable.o     1'036
    user_modbus_rtu.o             460
    user_rs485.o                  112        3      522
    user_rtc.o                    920      100       77
    user_string.o                 486
    user_time.o                    88
    user_timer.o                  784                 4
    user_tiny_vsnprintf.o         848       92        8
    user_uart.o                   176       28        3
    user_util.o                   540        9       25
    ---------------------------------------------------
    Total:                     42'130    3'581    8'251

dl7M_tlf.a: [2]
    abort.o                         6
    exit.o                          4
    low_level_init.o                4
    snprintf.o                     68
    sprintf.o                      64
    xfail_s.o                      64                 4
    xlocale_c.o                     8       28       56
    xprintffull_nomb.o          4'038        8
    xsnprout.o                     26
    xsprout.o                      10
    ---------------------------------------------------
    Total:                      4'292       36       60

m7M_tls.a: [3]
    DblAdd.o                      378
    DblCmpEq.o                     32
    DblCmpGe.o                     46
    DblCmpLe.o                     46
    DblDiv.o                      582
    DblMul.o                      418
    DblSub.o                      226
    DblToFlt.o                    104
    DblToS32.o                     58
    DblToU32.o                     40
    FltToDbl.o                     72
    S32ToDbl.o                     34
    U32ToDbl.o                     26
    fpinit_M.o                     34
    frexp.o                       112
    iar_Exp64.o                 1'000
    ldexp.o                       314
    logx64.o                      796
    math_wrappers64.o              34
    pow64.o                     1'772    1'056
    ---------------------------------------------------
    Total:                      6'124    1'056

rt7M_tl.a: [4]
    ABImemcpy.o                   166
    ABImemset.o                   102
    I64DivMod.o                   560
    I64DivZer.o                     2
    cexit.o                        10
    cmain.o                        30
    cstartup_M.o                   12
    data_init.o                    40
    lz77_init_single.o            120
    memchr.o                       88
    memset.o                       20
    strchr.o                       22
    strlen.o                       54
    strncpy.o                     112
    zero_init3.o                   58
    ---------------------------------------------------
    Total:                      1'396

shb_l.a: [5]
    exit.o                         20
    ---------------------------------------------------
    Total:                         20

    Gaps                           41        8
    Linker created                          32    1'024
-------------------------------------------------------
    Grand Total:               54'003    4'713    9'335


*******************************************************************************
*** ENTRY LIST
***

Entry                       Address   Size  Type      Object
-----                       -------   ----  ----      ------
.iar.init_table$$Base    0x800'd7fc          --   Gb  - Linker created -
.iar.init_table$$Limit   0x800'd81c          --   Gb  - Linker created -
?main                    0x800'd85d         Code  Gb  cmain.o [4]
ADV_TRACE_Buffer        0x2000'115c  0x400  Data  Lc  user_adv_trace.o [1]
ADV_TRACE_Ctx           0x2000'1fa0   0x18  Data  Lc  user_adv_trace.o [1]
AHBPrescTable            0x800'd97c   0x10  Data  Gb  system_stm32l4xx.o [1]
APBPrescTable            0x800'ddf8    0x8  Data  Gb  system_stm32l4xx.o [1]
AT_CMD_Get_BR_Slave      0x800'281f   0x48  Code  Gb  user_app_sensor.o [1]
AT_CMD_Get_Current_Out   0x800'2bf9   0x54  Code  Gb  user_app_sensor.o [1]
AT_CMD_Get_ID_Slave      0x800'276d   0x48  Code  Gb  user_app_sensor.o [1]
AT_CMD_Get_State_Clb_DAC
                         0x800'28d5   0x48  Code  Gb  user_app_sensor.o [1]
AT_CMD_Get_Value_Clb_DAC
                         0x800'29b1   0x48  Code  Gb  user_app_sensor.o [1]
AT_CMD_Get_Value_DAC_20mA
                         0x800'2b39   0x42  Code  Gb  user_app_sensor.o [1]
AT_CMD_Get_Value_DAC_4mA
                         0x800'2a75   0x46  Code  Gb  user_app_sensor.o [1]
AT_CMD_Reset_Slave       0x800'26bf   0x38  Code  Gb  user_app_sensor.o [1]
AT_CMD_Restore_Slave     0x800'26f9   0x74  Code  Gb  user_app_sensor.o [1]
AT_CMD_Set_BR_Slave      0x800'2867   0x68  Code  Gb  user_app_sensor.o [1]
AT_CMD_Set_ID_Slave      0x800'27b5   0x6a  Code  Gb  user_app_sensor.o [1]
AT_CMD_Set_State_Clb_DAC
                         0x800'2935   0x60  Code  Gb  user_app_sensor.o [1]
AT_CMD_Set_Value_Clb_DAC
                         0x800'2a15   0x60  Code  Gb  user_app_sensor.o [1]
AT_CMD_Set_Value_DAC_20mA
                         0x800'2b91   0x68  Code  Gb  user_app_sensor.o [1]
AT_CMD_Set_Value_DAC_4mA
                         0x800'2ac1   0x68  Code  Gb  user_app_sensor.o [1]
AppComm_DBG_Init_RX_Mode
                         0x800'873d   0x14  Code  Gb  user_app_comm.o [1]
AppComm_DBG_Init_Uart    0x800'873b    0x2  Code  Gb  user_app_comm.o [1]
AppComm_DBG_Stop_RX_Mode
                         0x800'8751    0x2  Code  Gb  user_app_comm.o [1]
AppComm_Get_Reset_Source
                         0x800'8703   0x38  Code  Gb  user_app_comm.o [1]
AppComm_IRQ_Timer_CallBack
                         0x800'86d9    0xc  Code  Gb  user_app_comm.o [1]
AppComm_Init             0x800'861f   0x1c  Code  Gb  user_app_comm.o [1]
AppComm_Set_Next_TxTimer
                         0x800'86ff    0x2  Code  Gb  user_app_comm.o [1]
AppComm_Task             0x800'863b   0x9e  Code  Gb  user_app_comm.o [1]
AppComm_Uart_Debug_Send
                         0x800'8701    0x2  Code  Lc  user_app_comm.o [1]
AppRs485_Task            0x800'a799   0x84  Code  Gb  user_app_rs485.o [1]
AppSensor_Task           0x800'2cbd   0x84  Code  Gb  user_app_sensor.o [1]
BUTTON_Down_Process      0x800'c93f  0x152  Code  Gb  button.o [1]
BUTTON_ESC_Process       0x800'ca91   0x6a  Code  Gb  button.o [1]
BUTTON_Enter_Process     0x800'c1b7  0x61c  Code  Gb  button.o [1]
BUTTON_Process           0x800'c059   0x34  Code  Gb  button.o [1]
BUTTON_Up_Process        0x800'c7d3  0x16c  Code  Gb  button.o [1]
BUTTON_scan              0x800'c08d  0x12a  Code  Gb  button.o [1]
BUTTON_scan::block_time
                        0x2000'2068    0x2  Data  Lc  button.o [1]
BUTTON_scan::hold       0x2000'202c    0x4  Data  Lc  button.o [1]
BUTTON_scan::last_value
                        0x2000'206e    0x1  Data  Lc  button.o [1]
BusFault_Handler         0x800'd557    0x2  Code  Gb  stm32l4xx_it.o [1]
CSTACK$$Base            0x2000'2080          --   Gb  - Linker created -
CSTACK$$Limit           0x2000'2480          --   Gb  - Linker created -
Cal_Time                 0x800'4023   0x12  Code  Gb  user_util.o [1]
Calculator_Scale         0x800'16e9   0x54  Code  Gb  user_convert_variable.o [1]
CheckList_AT_CONFIG     0x2000'0708  0x4a0  Data  Gb  user_at_serial.o [1]
Check_Time_Out           0x800'4005   0x1e  Code  Gb  user_util.o [1]
Convert_Point_Int_To_String
                         0x800'173d   0xce  Code  Gb  user_convert_variable.o [1]
Convert_Point_Int_To_String_Scale
                         0x800'180b   0xea  Code  Gb  user_convert_variable.o [1]
Convert_Scale            0x800'4175   0x5c  Code  Gb  user_util.o [1]
Convert_String_To_Dec    0x800'1a65   0x5c  Code  Gb  user_convert_variable.o [1]
Convert_uint32Hex_To_Float
                         0x800'1921  0x144  Code  Gb  user_convert_variable.o [1]
DMA1_Channel6_IRQHandler
                         0x800'd571    0xa  Code  Gb  stm32l4xx_it.o [1]
DaysInMonth              0x800'dd74    0xc  Data  Lc  user_rtc.o [1]
DaysInMonthLeapYear      0x800'dd80    0xc  Data  Lc  user_rtc.o [1]
DebugMon_Handler         0x800'd55d    0x2  Code  Gb  stm32l4xx_it.o [1]
Display_Check_Password   0x800'af97   0x2e  Code  Gb  lcd_display.o [1]
Display_Check_Toggle     0x800'ae23   0xac  Code  Gb  lcd_display.o [1]
Display_Check_Toggle::Hide
                        0x2000'1e08   0x54  Data  Lc  lcd_display.o [1]
Display_Check_Toggle::LandMarkToggle_u32
                        0x2000'195c  0x150  Data  Lc  lcd_display.o [1]
Display_Init             0x800'a839   0xa8  Code  Gb  lcd_display.o [1]
Display_Set_Screen       0x800'af61   0x36  Code  Gb  lcd_display.o [1]
Display_Set_Screen_Flag
                         0x800'af1b   0x46  Code  Gb  lcd_display.o [1]
Display_Show_Oject       0x800'abc1  0x262  Code  Gb  lcd_display.o [1]
Display_Show_ParaIcon    0x800'afc7   0x4e  Code  Gb  lcd_display.o [1]
Display_Show_Screen      0x800'aecf   0x4c  Code  Gb  lcd_display.o [1]
Display_Show_Static_Param
                         0x800'afc5    0x2  Code  Gb  lcd_display.o [1]
Display_Task             0x800'a8e1   0x7e  Code  Gb  lcd_display.o [1]
Error_Handler            0x800'7b1f    0x4  Code  Gb  main.o [1]
FLASH_FlushCaches        0x800'7157   0x6a  Code  Gb  stm32l4xx_hal_flash_ex.o [1]
FLASH_PageErase          0x800'712d   0x2a  Code  Gb  stm32l4xx_hal_flash_ex.o [1]
FLASH_Program_DoubleWord
                         0x800'70bb   0x1a  Code  Lc  stm32l4xx_hal_flash.o [1]
FLASH_Program_Fast       0x800'70d5   0x32  Code  Lc  stm32l4xx_hal_flash.o [1]
FLASH_WaitForLastOperation
                         0x800'7055   0x66  Code  Gb  stm32l4xx_hal_flash.o [1]
Filter_pH                0x800'2049   0xc0  Code  Gb  user_app_sensor.o [1]
Filter_pH::P            0x2000'06fc    0x4  Data  Lc  user_app_sensor.o [1]
Filter_pH::x_est        0x2000'2040    0x4  Data  Lc  user_app_sensor.o [1]
Filter_pH::x_est_last   0x2000'2044    0x4  Data  Lc  user_app_sensor.o [1]
Find_String_V2           0x800'bc0b  0x130  Code  Gb  user_string.o [1]
Find_str_fix             0x800'bd5d   0x94  Code  Gb  user_string.o [1]
Get_RTC                  0x800'a69d   0x4e  Code  Gb  user_time.o [1]
HAL_DMA_Abort            0x800'62d9   0x58  Code  Gb  stm32l4xx_hal_dma.o [1]
HAL_DMA_Abort_IT         0x800'6331   0x5e  Code  Gb  stm32l4xx_hal_dma.o [1]
HAL_DMA_IRQHandler       0x800'638f  0x10a  Code  Gb  stm32l4xx_hal_dma.o [1]
HAL_DMA_Init             0x800'61e1   0xf8  Code  Gb  stm32l4xx_hal_dma.o [1]
HAL_Delay                0x800'3029   0x28  Code  Wk  stm32l4xx_hal.o [1]
HAL_FLASH_Lock           0x800'7047    0xe  Code  Gb  stm32l4xx_hal_flash.o [1]
HAL_FLASH_Program        0x800'6f75   0xb0  Code  Gb  stm32l4xx_hal_flash.o [1]
HAL_FLASH_Unlock         0x800'7025   0x22  Code  Gb  stm32l4xx_hal_flash.o [1]
HAL_GPIO_Init            0x800'2df5  0x1c2  Code  Gb  stm32l4xx_hal_gpio.o [1]
HAL_GPIO_ReadPin         0x800'2fb7   0x16  Code  Gb  stm32l4xx_hal_gpio.o [1]
HAL_GPIO_TogglePin       0x800'2fe5   0x1a  Code  Gb  stm32l4xx_hal_gpio.o [1]
HAL_GPIO_WritePin        0x800'2fcd   0x18  Code  Gb  stm32l4xx_hal_gpio.o [1]
HAL_GetTick              0x800'600d    0xc  Code  Wk  stm32l4xx_hal.o [1]
HAL_I2CEx_ConfigAnalogFilter
                         0x800'7b25   0x64  Code  Gb  stm32l4xx_hal_i2c_ex.o [1]
HAL_I2CEx_ConfigDigitalFilter
                         0x800'7b89   0x62  Code  Gb  stm32l4xx_hal_i2c_ex.o [1]
HAL_I2C_Init             0x800'5419   0xde  Code  Gb  stm32l4xx_hal_i2c.o [1]
HAL_I2C_IsDeviceReady    0x800'5829  0x176  Code  Gb  stm32l4xx_hal_i2c.o [1]
HAL_I2C_Master_Receive   0x800'569d  0x17e  Code  Gb  stm32l4xx_hal_i2c.o [1]
HAL_I2C_Master_Transmit
                         0x800'54f7  0x1a6  Code  Gb  stm32l4xx_hal_i2c.o [1]
HAL_I2C_MspInit          0x800'5ef1   0x82  Code  Gb  i2c.o [1]
HAL_IWDG_Init            0x800'5f8d   0x72  Code  Gb  stm32l4xx_hal_iwdg.o [1]
HAL_IWDG_Refresh         0x800'5fff    0xe  Code  Gb  stm32l4xx_hal_iwdg.o [1]
HAL_IncTick              0x800'd591   0x18  Code  Wk  stm32l4xx_hal.o [1]
HAL_Init                 0x800'99d1   0x24  Code  Gb  stm32l4xx_hal.o [1]
HAL_InitTick             0x800'87d9   0x60  Code  Wk  stm32l4xx_hal.o [1]
HAL_LCD_Init             0x800'b179  0x11a  Code  Gb  stm32l4xx_hal_lcd.o [1]
HAL_LCD_MspInit          0x800'9bd5  0x116  Code  Gb  lcd.o [1]
HAL_LCD_UpdateDisplayRequest
                         0x800'b299   0x50  Code  Gb  stm32l4xx_hal_lcd.o [1]
HAL_MspInit              0x800'b141   0x38  Code  Gb  stm32l4xx_hal_msp.o [1]
HAL_NVIC_EnableIRQ       0x800'81f7    0xe  Code  Gb  stm32l4xx_hal_cortex.o [1]
HAL_NVIC_SetPriority     0x800'81cd   0x2a  Code  Gb  stm32l4xx_hal_cortex.o [1]
HAL_NVIC_SetPriorityGrouping
                         0x800'81c1    0xc  Code  Gb  stm32l4xx_hal_cortex.o [1]
HAL_PWREx_ControlVoltageScaling
                         0x800'8845   0x76  Code  Gb  stm32l4xx_hal_pwr_ex.o [1]
HAL_PWREx_GetVoltageRange
                         0x800'8839    0xc  Code  Gb  stm32l4xx_hal_pwr_ex.o [1]
HAL_RCCEx_PeriphCLKConfig
                         0x800'7bed  0x34c  Code  Gb  stm32l4xx_hal_rcc_ex.o [1]
HAL_RCC_ClockConfig      0x800'6bfd  0x17a  Code  Gb  stm32l4xx_hal_rcc.o [1]
HAL_RCC_GetHCLKFreq      0x800'6e4b    0x6  Code  Gb  stm32l4xx_hal_rcc.o [1]
HAL_RCC_GetPCLK1Freq     0x800'6e51   0x1a  Code  Gb  stm32l4xx_hal_rcc.o [1]
HAL_RCC_GetPCLK2Freq     0x800'6e6b   0x1a  Code  Gb  stm32l4xx_hal_rcc.o [1]
HAL_RCC_GetResetSource   0x800'6e95   0x12  Code  Gb  stm32l4xx_hal_rcc.o [1]
HAL_RCC_GetSysClockFreq
                         0x800'6d77   0xd4  Code  Gb  stm32l4xx_hal_rcc.o [1]
HAL_RCC_OscConfig        0x800'6575  0x688  Code  Gb  stm32l4xx_hal_rcc.o [1]
HAL_RTCEx_EnableBypassShadow
                         0x800'd491   0x48  Code  Gb  stm32l4xx_hal_rtc_ex.o [1]
HAL_RTC_DeactivateAlarm
                         0x800'ba0d   0xda  Code  Gb  stm32l4xx_hal_rtc.o [1]
HAL_RTC_GetDate          0x800'b607   0x52  Code  Gb  stm32l4xx_hal_rtc.o [1]
HAL_RTC_GetTime          0x800'b4d5   0x66  Code  Gb  stm32l4xx_hal_rtc.o [1]
HAL_RTC_Init             0x800'b315   0xca  Code  Gb  stm32l4xx_hal_rtc.o [1]
HAL_RTC_MspInit          0x800'9dfd   0x40  Code  Gb  rtc.o [1]
HAL_RTC_SetAlarm         0x800'b659  0x1ce  Code  Gb  stm32l4xx_hal_rtc.o [1]
HAL_RTC_SetAlarm_IT      0x800'b827  0x1e6  Code  Gb  stm32l4xx_hal_rtc.o [1]
HAL_RTC_SetDate          0x800'b53b   0xcc  Code  Gb  stm32l4xx_hal_rtc.o [1]
HAL_RTC_SetTime          0x800'b3df   0xf6  Code  Gb  stm32l4xx_hal_rtc.o [1]
HAL_RTC_WaitForSynchro   0x800'bae7   0x2e  Code  Gb  stm32l4xx_hal_rtc.o [1]
HAL_SYSTICK_Config       0x800'8205    0xc  Code  Gb  stm32l4xx_hal_cortex.o [1]
HAL_UARTEx_RxEventCallback
                         0x800'64d7   0x1a  Code  Gb  user_uart.o [1]
HAL_UARTEx_WakeupCallback
                         0x800'6571    0x2  Code  Wk  stm32l4xx_hal_uart_ex.o [1]
HAL_UART_ErrorCallback   0x800'64f1   0x1e  Code  Gb  user_uart.o [1]
HAL_UART_IRQHandler      0x800'3203  0x35c  Code  Gb  stm32l4xx_hal_uart.o [1]
HAL_UART_Init            0x800'3051   0x7a  Code  Gb  stm32l4xx_hal_uart.o [1]
HAL_UART_MspInit         0x800'60fd   0xca  Code  Gb  usart.o [1]
HAL_UART_Receive_IT      0x800'31a5   0x5e  Code  Gb  stm32l4xx_hal_uart.o [1]
HAL_UART_RxCpltCallback
                         0x800'64c1   0x16  Code  Gb  user_uart.o [1]
HAL_UART_Transmit        0x800'30cb   0xda  Code  Gb  stm32l4xx_hal_uart.o [1]
HS300X_Start_Measurement
                         0x800'5d4d   0xf4  Code  Gb  HS300x.o [1]
Handle_Float_To_hexUint32
                         0x800'1ad1   0x24  Code  Gb  user_convert_variable.o [1]
HardFault_Handler        0x800'd553    0x2  Code  Gb  stm32l4xx_it.o [1]
I2C_Flush_TXDR           0x800'599f   0x24  Code  Lc  stm32l4xx_hal_i2c.o [1]
I2C_IsErrorOccurred      0x800'5bd5  0x13e  Code  Lc  stm32l4xx_hal_i2c.o [1]
I2C_TransferConfig       0x800'5d13   0x32  Code  Lc  stm32l4xx_hal_i2c.o [1]
I2C_WaitOnFlagUntilTimeout
                         0x800'59c3   0x8c  Code  Lc  stm32l4xx_hal_i2c.o [1]
I2C_WaitOnRXNEFlagUntilTimeout
                         0x800'5b09   0xcc  Code  Lc  stm32l4xx_hal_i2c.o [1]
I2C_WaitOnSTOPFlagUntilTimeout
                         0x800'5aaf   0x5a  Code  Lc  stm32l4xx_hal_i2c.o [1]
I2C_WaitOnTXISFlagUntilTimeout
                         0x800'5a4f   0x60  Code  Lc  stm32l4xx_hal_i2c.o [1]
IndexUartError          0x2000'2079    0x1  Data  Lc  user_uart.o [1]
Init_AlarmSensor         0x800'22d1  0x136  Code  Gb  user_app_sensor.o [1]
Init_AppRs485            0x800'a783   0x16  Code  Gb  user_app_rs485.o [1]
Init_AppSensor           0x800'2c4d   0x6c  Code  Gb  user_app_sensor.o [1]
Init_InforSlaveModbusRTU
                         0x800'12fb   0x30  Code  Gb  user_app_modbus_rtu.o [1]
Init_OffsetSensor        0x800'24c7   0x8e  Code  Gb  user_app_sensor.o [1]
Init_StateBackLight      0x800'2671   0x4e  Code  Gb  user_app_sensor.o [1]
Init_UartRs485           0x800'a745   0x3e  Code  Gb  user_app_rs485.o [1]
Insert_String_To_String
                         0x800'18f5   0x2a  Code  Gb  user_convert_variable.o [1]
LCD_ClearLine            0x800'c033   0x10  Code  Gb  user_com_seg.o [1]
LCD_ClearLine0           0x800'bf13   0x18  Code  Gb  user_com_seg.o [1]
LCD_ClearLine1           0x800'bf5f   0x24  Code  Gb  user_com_seg.o [1]
LCD_ClearLine2           0x800'bfc9   0x24  Code  Gb  user_com_seg.o [1]
LCD_DisplayLine0         0x800'bf2b   0x34  Code  Gb  user_com_seg.o [1]
LCD_DisplayLine1         0x800'bf83   0x46  Code  Gb  user_com_seg.o [1]
LCD_DisplayLine2         0x800'bfed   0x46  Code  Gb  user_com_seg.o [1]
LCD_InitMap              0x800'bdf1    0xe  Code  Gb  user_com_seg.o [1]
LCD_SEG_Write            0x800'cc3b   0x1a  Code  Gb  lcd_segment.o [1]
LCD_SegOff               0x800'cc6b   0x16  Code  Gb  lcd_segment.o [1]
LCD_SegOn                0x800'cc55   0x16  Code  Gb  lcd_segment.o [1]
LCD_SetDP                0x800'bef3   0x20  Code  Gb  user_com_seg.o [1]
LCD_SetSegment           0x800'cbe5   0x56  Code  Gb  lcd_segment.o [1]
LCD_ShowChar             0x800'bdff   0xf4  Code  Gb  user_com_seg.o [1]
LCD_WaitForSynchro       0x800'b2e9   0x2c  Code  Gb  stm32l4xx_hal_lcd.o [1]
MSIRangeTable            0x800'd6e0   0x30  Data  Gb  system_stm32l4xx.o [1]
MX_DMA_Init              0x800'9b4d   0x2c  Code  Gb  dma.o [1]
MX_GPIO_Init             0x800'99f5  0x158  Code  Gb  gpio.o [1]
MX_I2C2_Init             0x800'5e99   0x58  Code  Gb  i2c.o [1]
MX_IWDG_Init             0x800'9e49   0x2c  Code  Gb  iwdg.o [1]
MX_LCD_Init              0x800'9b79   0x5c  Code  Gb  lcd.o [1]
MX_RTC_Init              0x800'9d09   0xf4  Code  Gb  rtc.o [1]
MX_USART2_UART_Init      0x800'60c1   0x3c  Code  Gb  usart.o [1]
Main_Task                0x800'85cb   0x54  Code  Gb  user_app_comm.o [1]
MemManage_Handler        0x800'd555    0x2  Code  Gb  stm32l4xx_it.o [1]
ModRTU_CRC               0x800'4221   0x3c  Code  Gb  user_modbus_rtu.o [1]
ModRTU_Slave_ACK_Read_Frame
                         0x800'425d   0xa2  Code  Gb  user_modbus_rtu.o [1]
ModRTU_Slave_ACK_Write_Frame
                         0x800'42ff   0xee  Code  Gb  user_modbus_rtu.o [1]
Modem_Check_AT           0x800'a4d5  0x1c8  Code  Gb  user_at_serial.o [1]
Modem_Check_RTU          0x800'1331  0x38e  Code  Gb  user_app_modbus_rtu.o [1]
NMI_Handler              0x800'd551    0x2  Code  Gb  stm32l4xx_it.o [1]
NONE_Register_CallBack   0x800'018d    0x6  Code  Gb  user_app_modbus_rtu.o [1]
NVIC_EncodePriority      0x800'8151   0x40  Code  Lc  stm32l4xx_hal_cortex.o [1]
Number_Error_HS300X_u8  0x2000'206f    0x1  Data  Gb  HS300x.o [1]
OnchipFlashPageErase     0x800'3f1d   0x50  Code  Gb  onchipflash.o [1]
OnchipFlashWriteData     0x800'3e91   0x8c  Code  Gb  onchipflash.o [1]
PendSV_Handler           0x800'd55f    0x2  Code  Gb  stm32l4xx_it.o [1]
PortConfig              0x2000'2075    0x1  Data  Gb  user_at_serial.o [1]
RC                       0x800'bd3b   0x22  Code  Gb  user_string.o [1]
RCCEx_PLLSAI1_Config     0x800'7f4d  0x16e  Code  Lc  stm32l4xx_hal_rcc_ex.o [1]
RCC_SetFlashLatencyFromMSIRange
                         0x800'6ead   0x8a  Code  Lc  stm32l4xx_hal_rcc.o [1]
RS485_Init_RX_Mode       0x800'8231   0x1e  Code  Gb  user_rs485.o [1]
RS485_Rx_Callback        0x800'8251   0x3c  Code  Gb  user_rs485.o [1]
RS485_Stop_RX_Mode       0x800'824f    0x2  Code  Gb  user_rs485.o [1]
RTC_AlarmStructure      0x2000'1ee0   0x2c  Data  Lc  user_rtc.o [1]
RTC_Bcd2ToByte           0x800'bbf5   0x16  Code  Gb  stm32l4xx_hal_rtc.o [1]
RTC_ByteToBcd2           0x800'bbd9   0x1c  Code  Gb  stm32l4xx_hal_rtc.o [1]
RTC_EnterInitMode        0x800'bb15   0x4c  Code  Gb  stm32l4xx_hal_rtc.o [1]
RTC_ExitInitMode         0x800'bb61   0x58  Code  Gb  stm32l4xx_hal_rtc.o [1]
RTC_GetCalendarValue     0x800'd3cf   0x90  Code  Lc  user_rtc.o [1]
RTC_IF_Convert_Tick2ms   0x800'd1f9   0x10  Code  Gb  user_rtc.o [1]
RTC_IF_Convert_ms2Tick   0x800'd1e7   0x12  Code  Gb  user_rtc.o [1]
RTC_IF_GetMinimumTimeout
                         0x800'd1e3    0x4  Code  Gb  user_rtc.o [1]
RTC_IF_GetTimerContext   0x800'd1a7    0x8  Code  Gb  user_rtc.o [1]
RTC_IF_GetTimerElapsedTime
                         0x800'd1af   0x16  Code  Gb  user_rtc.o [1]
RTC_IF_GetTimerValue     0x800'd1c5   0x1e  Code  Gb  user_rtc.o [1]
RTC_IF_Init              0x800'd131   0x30  Code  Gb  user_rtc.o [1]
RTC_IF_SetTimerContext   0x800'd191   0x16  Code  Gb  user_rtc.o [1]
RTC_IF_StartTimer        0x800'd161    0xe  Code  Gb  user_rtc.o [1]
RTC_IF_StopTimer         0x800'd16f   0x22  Code  Gb  user_rtc.o [1]
RTC_Initalized          0x2000'2078    0x1  Data  Lc  user_rtc.o [1]
RTC_StartWakeUpAlarm     0x800'd209  0x1c6  Code  Lc  user_rtc.o [1]
ReInit_Rx_Mode_Uart_Error
                         0x800'650f   0x4c  Code  Gb  user_uart.o [1]
Region$$Table$$Base      0x800'd7fc          --   Gb  - Linker created -
Region$$Table$$Limit     0x800'd81c          --   Gb  - Linker created -
Reset_Buff               0x800'4095   0x24  Code  Gb  user_util.o [1]
Rs485Status_u8          0x2000'2077    0x1  Data  Gb  user_rs485.o [1]
RtCountSystick_u32      0x2000'2058    0x4  Data  Gb  user_util.o [1]
RtcTimerContext         0x2000'1f6c   0x1c  Data  Lc  user_rtc.o [1]
SVC_Handler              0x800'd55b    0x2  Code  Gb  stm32l4xx_it.o [1]
Save_AlarmSensor         0x800'210d  0x1b2  Code  Gb  user_app_sensor.o [1]
Save_Array               0x800'3f7d   0x86  Code  Gb  onchipflash.o [1]
Save_CalibDAC            0x800'2591   0x70  Code  Gb  user_app_sensor.o [1]
Save_InforSlaveModbusRTU
                         0x800'1295   0x66  Code  Gb  user_app_modbus_rtu.o [1]
Save_OffsetSensor        0x800'240d   0xba  Code  Gb  user_app_sensor.o [1]
Save_StateBackLight      0x800'2609   0x5e  Code  Gb  user_app_sensor.o [1]
Send_RS458_Sensor        0x800'1253   0x3e  Code  Gb  user_app_modbus_rtu.o [1]
SysApp_Init              0x800'8587    0xc  Code  Gb  user_app_comm.o [1]
SysApp_Setting           0x800'8593   0x38  Code  Gb  user_app_comm.o [1]
SysTick_Config           0x800'8191   0x30  Code  Lc  stm32l4xx_hal_cortex.o [1]
SysTick_Handler          0x800'd561   0x10  Code  Gb  stm32l4xx_it.o [1]
SystemClock_Config       0x800'7a8d   0x92  Code  Gb  main.o [1]
SystemCoreClock         0x2000'0378    0x4  Data  Gb  system_stm32l4xx.o [1]
SystemInit               0x800'dbfd    0xc  Code  Gb  system_stm32l4xx.o [1]
TRACE_AllocateBufer      0x800'8401   0xa2  Code  Lc  user_adv_trace.o [1]
TRACE_IsLocked           0x800'84b7   0x10  Code  Lc  user_adv_trace.o [1]
TRACE_Lock               0x800'84a3    0xa  Code  Lc  user_adv_trace.o [1]
TRACE_Send               0x800'837b   0x84  Code  Lc  user_adv_trace.o [1]
TRACE_UnLock             0x800'84ad    0xa  Code  Lc  user_adv_trace.o [1]
TimerExists              0x800'a43d   0x1a  Code  Gb  user_timer.o [1]
TimerInsertNewHeadTimer
                         0x800'a4b1   0x1c  Code  Gb  user_timer.o [1]
TimerInsertTimer         0x800'a483   0x2e  Code  Gb  user_timer.o [1]
TimerListHead           0x2000'2054    0x4  Data  Lc  user_timer.o [1]
TimerSetTimeout          0x800'a457   0x2c  Code  Gb  user_timer.o [1]
TimerTx                 0x2000'1fb8   0x18  Data  Lc  user_app_comm.o [1]
TxCpltCallback          0x2000'2034    0x4  Data  Lc  user_app_comm.o [1]
UART_AdvFeatureConfig    0x800'385d   0xda  Code  Gb  stm32l4xx_hal_uart.o [1]
UART_CheckIdleState      0x800'3937   0xd2  Code  Gb  stm32l4xx_hal_uart.o [1]
UART_DMAAbortOnError     0x800'3bf5    0xe  Code  Lc  stm32l4xx_hal_uart.o [1]
UART_EndRxTransfer       0x800'3b97   0x5e  Code  Lc  stm32l4xx_hal_uart.o [1]
UART_EndTransmit_IT      0x800'3c03   0x2a  Code  Lc  stm32l4xx_hal_uart.o [1]
UART_RxISR_16BIT         0x800'3d21   0xee  Code  Lc  stm32l4xx_hal_uart.o [1]
UART_RxISR_8BIT          0x800'3c2d   0xec  Code  Lc  stm32l4xx_hal_uart.o [1]
UART_SetConfig           0x800'3565  0x2ec  Code  Gb  stm32l4xx_hal_uart.o [1]
UART_Start_Receive_IT    0x800'3aa7   0xf0  Code  Gb  stm32l4xx_hal_uart.o [1]
UART_WaitOnFlagUntilTimeout
                         0x800'3a09   0x9e  Code  Gb  stm32l4xx_hal_uart.o [1]
USART2_IRQHandler        0x800'd57b    0xa  Code  Gb  stm32l4xx_it.o [1]
UTIL_ADV_TRACE_COND_FSend
                         0x800'82a1   0xda  Code  Gb  user_adv_trace.o [1]
UTIL_Log_Str             0x800'4119   0x36  Code  Gb  user_util.o [1]
UTIL_MEM_cpy             0x800'4155   0x1e  Code  Gb  user_util.o [1]
UTIL_MEM_set             0x800'40b9   0x18  Code  Gb  user_util.o [1]
UTIL_Printf              0x800'40d1   0x2c  Code  Gb  user_util.o [1]
UTIL_Printf_Str          0x800'40fd   0x1c  Code  Gb  user_util.o [1]
UTIL_TIMER_Create        0x800'a1d9   0x4c  Code  Gb  user_timer.o [1]
UTIL_TIMER_IRQ_Handler   0x800'a38b   0xb2  Code  Gb  user_timer.o [1]
UTIL_TIMER_Init          0x800'a1c5   0x14  Code  Gb  user_timer.o [1]
UTIL_TIMER_SetPeriod     0x800'a351   0x3a  Code  Gb  user_timer.o [1]
UTIL_TIMER_Start         0x800'a225   0x92  Code  Gb  user_timer.o [1]
UTIL_TIMER_Stop          0x800'a2b7   0x9a  Code  Gb  user_timer.o [1]
UTIL_TimerDriver         0x800'd710   0x2c  Data  Gb  user_rtc.o [1]
UTIL_TraceDriver         0x800'dc0c    0xc  Data  Gb  user_app_comm.o [1]
Uart485RxByte           0x2000'2076    0x1  Data  Lc  user_rs485.o [1]
UartDebugBuff           0x2000'0cac  0x4b0  Data  Gb  user_app_comm.o [1]
UartDebugCountFail      0x2000'206c    0x2  Data  Lc  user_uart.o [1]
Update_ParaDisplay       0x800'aa61  0x160  Code  Gb  lcd_display.o [1]
UsageFault_Handler       0x800'd559    0x2  Code  Gb  stm32l4xx_it.o [1]
User_RTC_Init            0x800'd0f9   0x38  Code  Lc  user_rtc.o [1]
UtilFloatToString        0x800'41d1   0x2e  Code  Gb  user_util.o [1]
UtilIntToStringWithScale
                         0x800'4035   0x60  Code  Gb  user_util.o [1]
VLevelDebug             0x2000'0ca8    0x1  Data  Gb  user_util.o [1]
_Cb_Display_Auto_SW      0x800'a9d3   0x3c  Code  Lc  lcd_display.o [1]
_Cb_Display_Auto_SW::MarkButtPressed
                        0x2000'2070    0x1  Data  Lc  lcd_display.o [1]
_Cb_Display_Init         0x800'a95f   0x2e  Code  Lc  lcd_display.o [1]
_Cb_Display_Logo         0x800'a98d   0x24  Code  Lc  lcd_display.o [1]
_Cb_Display_Show         0x800'a9b1   0x22  Code  Lc  lcd_display.o [1]
_Cb_HandLer_IDLE         0x800'8575    0x6  Code  Lc  user_app_comm.o [1]
_Cb_Off_Speaker          0x800'aa5b    0x6  Code  Lc  lcd_display.o [1]
_Cb_R_ModbusRTU_REG_Baudrate_RS485
                         0x800'0235   0x2e  Code  Gb  user_app_modbus_rtu.o [1]
_Cb_R_ModbusRTU_REG_Humi_Alarm
                         0x800'06d3   0x2e  Code  Gb  user_app_modbus_rtu.o [1]
_Cb_R_ModbusRTU_REG_Humi_Decimal
                         0x800'03bb   0x46  Code  Gb  user_app_modbus_rtu.o [1]
_Cb_R_ModbusRTU_REG_Humi_Float
                         0x800'0b7d   0x5a  Code  Gb  user_app_modbus_rtu.o [1]
_Cb_R_ModbusRTU_REG_Humi_Int
                         0x800'0367   0x54  Code  Gb  user_app_modbus_rtu.o [1]
_Cb_R_ModbusRTU_REG_Humi_Lower
                         0x800'1033   0x58  Code  Gb  user_app_modbus_rtu.o [1]
_Cb_R_ModbusRTU_REG_Humi_Lower_Int
                         0x800'094d   0x54  Code  Gb  user_app_modbus_rtu.o [1]
_Cb_R_ModbusRTU_REG_Humi_Offset
                         0x800'0ced   0x5a  Code  Gb  user_app_modbus_rtu.o [1]
_Cb_R_ModbusRTU_REG_Humi_Offset_Int
                         0x800'0549   0x54  Code  Gb  user_app_modbus_rtu.o [1]
_Cb_R_ModbusRTU_REG_Humi_Upper
                         0x800'1141   0x58  Code  Gb  user_app_modbus_rtu.o [1]
_Cb_R_ModbusRTU_REG_Humi_Upper_Int
                         0x800'0a39   0x54  Code  Gb  user_app_modbus_rtu.o [1]
_Cb_R_ModbusRTU_REG_Humi_Warning
                         0x800'042f   0x2e  Code  Gb  user_app_modbus_rtu.o [1]
_Cb_R_ModbusRTU_REG_ID_RS485
                         0x800'0193   0x2e  Code  Gb  user_app_modbus_rtu.o [1]
_Cb_R_ModbusRTU_REG_Temp_Alarm
                         0x800'0635   0x2e  Code  Gb  user_app_modbus_rtu.o [1]
_Cb_R_ModbusRTU_REG_Temp_Decimal
                         0x800'0321   0x46  Code  Gb  user_app_modbus_rtu.o [1]
_Cb_R_ModbusRTU_REG_Temp_Float
                         0x800'0b23   0x5a  Code  Gb  user_app_modbus_rtu.o [1]
_Cb_R_ModbusRTU_REG_Temp_Int
                         0x800'02cd   0x54  Code  Gb  user_app_modbus_rtu.o [1]
_Cb_R_ModbusRTU_REG_Temp_Lower
                         0x800'0e01   0x5a  Code  Gb  user_app_modbus_rtu.o [1]
_Cb_R_ModbusRTU_REG_Temp_Lower_Int
                         0x800'0771   0x54  Code  Gb  user_app_modbus_rtu.o [1]
_Cb_R_ModbusRTU_REG_Temp_Offset
                         0x800'0bd7   0x5a  Code  Gb  user_app_modbus_rtu.o [1]
_Cb_R_ModbusRTU_REG_Temp_Offset_Int
                         0x800'045d   0x54  Code  Gb  user_app_modbus_rtu.o [1]
_Cb_R_ModbusRTU_REG_Temp_Upper
                         0x800'0f17   0x58  Code  Gb  user_app_modbus_rtu.o [1]
_Cb_R_ModbusRTU_REG_Temp_Upper_Int
                         0x800'0861   0x54  Code  Gb  user_app_modbus_rtu.o [1]
_Cb_R_ModbusRTU_REG_Temp_Warning
                         0x800'0401   0x2e  Code  Gb  user_app_modbus_rtu.o [1]
_Cb_Save_Box             0x800'8581    0x6  Code  Lc  user_app_comm.o [1]
_Cb_Set_RTC              0x800'855d   0x18  Code  Lc  user_app_comm.o [1]
_Cb_TX_Timer_Event       0x800'86e5   0x1a  Code  Lc  user_app_comm.o [1]
_Cb_Timer_IRQ            0x800'84dd    0xc  Code  Lc  user_app_comm.o [1]
_Cb_Tx_Timer             0x800'857b    0x6  Code  Lc  user_app_comm.o [1]
_Cb_Uart_Error           0x800'8551    0xc  Code  Lc  user_app_comm.o [1]
_Cb_Uart_Rx_Debug        0x800'84e9   0x68  Code  Lc  user_app_comm.o [1]
_Cb_Uart_Rx_Debug::LastLengthRecv
                        0x2000'206a    0x2  Data  Lc  user_app_comm.o [1]
_Cb_Uart_Rx_Debug::MarkFirstRecvUart
                        0x2000'2071    0x1  Data  Lc  user_app_comm.o [1]
_Cb_W_ModbusRTU_REG_Baudrate_RS485
                         0x800'0263   0x6a  Code  Gb  user_app_modbus_rtu.o [1]
_Cb_W_ModbusRTU_REG_Humi_Alarm
                         0x800'0701   0x70  Code  Gb  user_app_modbus_rtu.o [1]
_Cb_W_ModbusRTU_REG_Humi_Lower
                         0x800'108b   0xb6  Code  Gb  user_app_modbus_rtu.o [1]
_Cb_W_ModbusRTU_REG_Humi_Lower_Int
                         0x800'09a1   0x98  Code  Gb  user_app_modbus_rtu.o [1]
_Cb_W_ModbusRTU_REG_Humi_Offset
                         0x800'0d47   0xba  Code  Gb  user_app_modbus_rtu.o [1]
_Cb_W_ModbusRTU_REG_Humi_Offset_Int
                         0x800'059d   0x98  Code  Gb  user_app_modbus_rtu.o [1]
_Cb_W_ModbusRTU_REG_Humi_Upper
                         0x800'119d   0xb6  Code  Gb  user_app_modbus_rtu.o [1]
_Cb_W_ModbusRTU_REG_Humi_Upper_Int
                         0x800'0a8d   0x96  Code  Gb  user_app_modbus_rtu.o [1]
_Cb_W_ModbusRTU_REG_ID_RS485
                         0x800'01c1   0x74  Code  Gb  user_app_modbus_rtu.o [1]
_Cb_W_ModbusRTU_REG_Temp_Alarm
                         0x800'0663   0x70  Code  Gb  user_app_modbus_rtu.o [1]
_Cb_W_ModbusRTU_REG_Temp_Lower
                         0x800'0e61   0xb6  Code  Gb  user_app_modbus_rtu.o [1]
_Cb_W_ModbusRTU_REG_Temp_Lower_Int
                         0x800'07c9   0x98  Code  Gb  user_app_modbus_rtu.o [1]
_Cb_W_ModbusRTU_REG_Temp_Offset
                         0x800'0c31   0xbc  Code  Gb  user_app_modbus_rtu.o [1]
_Cb_W_ModbusRTU_REG_Temp_Offset_Int
                         0x800'04b1   0x98  Code  Gb  user_app_modbus_rtu.o [1]
_Cb_W_ModbusRTU_REG_Temp_Upper
                         0x800'0f7d   0xb6  Code  Gb  user_app_modbus_rtu.o [1]
_Cb_W_ModbusRTU_REG_Temp_Upper_Int
                         0x800'08b5   0x98  Code  Gb  user_app_modbus_rtu.o [1]
_Cb_button_detect        0x800'aa43   0x18  Code  Lc  lcd_display.o [1]
_Cb_button_scan          0x800'aa0f   0x34  Code  Lc  lcd_display.o [1]
_LitobFullNoMb           0x800'968d  0x10a  Code  Lc  xprintffull_nomb.o [2]
_Locale_lconv           0x2000'0c6c   0x38  Data  Lc  xlocale_c.o [2]
_PrintfFullNoMb          0x800'88cd  0xd9c  Code  Gb  xprintffull_nomb.o [2]
_PutcharFullNoMb         0x800'97fd   0x20  Code  Lc  xprintffull_nomb.o [2]
_PutcharsFullNoMb        0x800'981d   0x2e  Code  Lc  xprintffull_nomb.o [2]
_SNProut                 0x800'1b6b   0x1a  Code  Gb  xsnprout.o [2]
_SProut                  0x800'1bbf    0xa  Code  Gb  xsprout.o [2]
__NVIC_EnableIRQ         0x800'8105   0x20  Code  Lc  stm32l4xx_hal_cortex.o [1]
__NVIC_GetPriorityGrouping
                         0x800'80f7    0xc  Code  Lc  stm32l4xx_hal_cortex.o [1]
__NVIC_SetPriority       0x800'8125   0x2c  Code  Lc  stm32l4xx_hal_cortex.o [1]
__NVIC_SetPriorityGrouping
                         0x800'80d5   0x22  Code  Lc  stm32l4xx_hal_cortex.o [1]
__aeabi_cdcmpeq          0x800'7615         Code  Gb  DblCmpEq.o [3]
__aeabi_cdcmple          0x800'75e5         Code  Gb  DblCmpLe.o [3]
__aeabi_cdrcmple         0x800'7635         Code  Gb  DblCmpGe.o [3]
__aeabi_d2f              0x800'49a9         Code  Gb  DblToFlt.o [3]
__aeabi_d2iz             0x800'1b85         Code  Gb  DblToS32.o [3]
__aeabi_d2uiz            0x800'b111         Code  Gb  DblToU32.o [3]
__aeabi_dadd             0x800'482d         Code  Gb  DblAdd.o [3]
__aeabi_ddiv             0x800'7205         Code  Gb  DblDiv.o [3]
__aeabi_dmul             0x800'4689         Code  Gb  DblMul.o [3]
__aeabi_dsub             0x800'7491         Code  Gb  DblSub.o [3]
__aeabi_f2d              0x800'461d         Code  Gb  FltToDbl.o [3]
__aeabi_i2d              0x800'4665         Code  Gb  S32ToDbl.o [3]
__aeabi_ldiv0            0x800'748d         Code  Gb  I64DivZer.o [4]
__aeabi_memcpy           0x800'6019         Code  Gb  ABImemcpy.o [4]
__aeabi_memcpy4          0x800'6039         Code  Gb  ABImemcpy.o [4]
__aeabi_memcpy8          0x800'6039         Code  Gb  ABImemcpy.o [4]
__aeabi_memset           0x800'3e29         Code  Gb  ABImemset.o [4]
__aeabi_ui2d             0x800'1af5         Code  Gb  U32ToDbl.o [3]
__aeabi_uldivmod         0x800'43ed         Code  Gb  I64DivMod.o [4]
__cmain                  0x800'd85d         Code  Gb  cmain.o [4]
__exit                   0x800'cc8d   0x14  Code  Gb  exit.o [5]
__iar_Exp64              0x800'7665  0x388  Code  Gb  iar_Exp64.o [3]
__iar_Fail_s             0x800'b079   0x1c  Code  Gb  xfail_s.o [2]
__iar_Log64              0x800'4a11  0x280  Code  Lc  logx64.o [3]
__iar_Memchr             0x800'b0b9         Code  Gb  memchr.o [4]
__iar_Memset             0x800'3e29         Code  Gb  ABImemset.o [4]
__iar_Memset_word        0x800'3e31         Code  Gb  ABImemset.o [4]
__iar_Strchr             0x800'b061         Code  Gb  strchr.o [4]
__iar_dadd               0x800'74a1         Code  Gb  DblSub.o [3]
__iar_data_init3         0x800'd78d   0x28  Code  Gb  data_init.o [4]
__iar_dsub               0x800'483d         Code  Gb  DblAdd.o [3]
__iar_dsubStart          0x800'484f         Code  Gb  DblAdd.o [3]
__iar_frexp              0x800'7581         Code  Gb  frexp.o [3]
__iar_frexpl             0x800'7581         Code  Gb  frexp.o [3]
__iar_init_vfp           0x800'd7d9         Code  Gb  fpinit_M.o [3]
__iar_ldexp64            0x800'9895         Code  Gb  ldexp.o [3]
__iar_log10_64           0x800'4d29    0x4  Code  Gb  logx64.o [3]
__iar_log10_medium       0x800'4d29    0x4  Code  Gb  logx64.o [3]
__iar_log10_medium64     0x800'4d29    0x4  Code  Gb  logx64.o [3]
__iar_log10_mediuml      0x800'4d29    0x4  Code  Gb  logx64.o [3]
__iar_lz77_init_single3
                         0x800'd4d9   0x78  Code  Gb  lz77_init_single.o [4]
__iar_pow64              0x800'4d2d  0x6ec  Code  Gb  pow64.o [3]
__iar_pow_medium         0x800'4d2d  0x6ec  Code  Gb  pow64.o [3]
__iar_pow_medium64       0x800'4d2d  0x6ec  Code  Gb  pow64.o [3]
__iar_pow_mediuml        0x800'4d2d  0x6ec  Code  Gb  pow64.o [3]
__iar_program_start      0x800'dd8d         Code  Gb  cstartup_M.o [4]
__iar_scalbln64          0x800'9895         Code  Gb  ldexp.o [3]
__iar_scalbn64           0x800'9895         Code  Gb  ldexp.o [3]
__iar_softfp___iar_frexp64
                         0x800'7575         Code  Gb  frexp.o [3]
__iar_softfp_frexp       0x800'7575         Code  Gb  frexp.o [3]
__iar_softfp_frexpl      0x800'7575         Code  Gb  frexp.o [3]
__iar_vfp_log10          0x800'1b4f    0xc  Code  Gb  math_wrappers64.o [3]
__iar_vfp_pow            0x800'1b5b   0x10  Code  Gb  math_wrappers64.o [3]
__iar_zero_init3         0x800'1b0f   0x3a  Code  Gb  zero_init3.o [4]
__low_level_init         0x800'd87b    0x4  Code  Gb  low_level_init.o [2]
__vector_table           0x800'0000         Data  Gb  startup_stm32l433xx.o [1]
_call_main               0x800'd869         Code  Gb  cmain.o [4]
_exit                    0x800'd885         Code  Gb  cexit.o [4]
_main                    0x800'd877         Code  Gb  cmain.o [4]
aAT_CMD                 0x2000'1d34   0x80  Data  Lc  user_at_serial.o [1]
aBaudrate_value         0x2000'05e8   0x2c  Data  Gb  user_app_modbus_rtu.o [1]
aDATA_CONFIG            0x2000'1b34   0x80  Data  Lc  user_app_modbus_rtu.o [1]
aDATA_CONFIG            0x2000'1cb4   0x80  Data  Lc  user_at_serial.o [1]
aDATA_LOG_REGISTER      0x2000'1bb4   0x80  Data  Lc  user_app_modbus_rtu.o [1]
aDisconnect             0x2000'00b0    0x4  Data  Gb  lcd_display.o [1]
aPASSWORD               0x2000'00ac    0x4  Data  Gb  lcd_display.o [1]
aTEST                   0x2000'0000    0xc  Data  Lc  button.o [1]
aUART_485_DATA          0x2000'175c  0x200  Data  Lc  user_rs485.o [1]
abort                    0x800'cc85    0x6  Code  Gb  abort.o [2]
aframe                  0x2000'1c34   0x80  Data  Gb  user_app_modbus_rtu.o [1]
digit_segment           0x2000'2048    0x4  Data  Lc  user_com_seg.o [1]
dp_segment              0x2000'204c    0x4  Data  Lc  user_com_seg.o [1]
ee_number                0x800'9e9d  0x146  Code  Lc  user_tiny_vsnprintf.o [1]
ee_skip_atoi             0x800'9e75   0x28  Code  Lc  user_tiny_vsnprintf.o [1]
exit                     0x800'd87f    0x4  Code  Gb  exit.o [2]
fevent_active            0x800'5e55   0x1e  Code  Gb  event_driven.o [1]
fevent_enable            0x800'5e73   0x24  Code  Gb  event_driven.o [1]
fevent_lcd_backlight     0x800'1e3d   0x82  Code  Lc  user_app_sensor.o [1]
fevent_lcd_backlight::last_state
                        0x2000'0ca7    0x1  Data  Lc  user_app_sensor.o [1]
fevent_lcd_backlight::last_time
                        0x2000'203c    0x4  Data  Lc  user_app_sensor.o [1]
fevent_lcd_backlight::state_button
                        0x2000'2074    0x1  Data  Lc  user_app_sensor.o [1]
fevent_lcd_led_rs485_rx
                         0x800'1ff3   0x56  Code  Lc  user_app_sensor.o [1]
fevent_lcd_led_rs485_tx
                         0x800'1f99   0x5a  Code  Lc  user_app_sensor.o [1]
fevent_lcd_warning       0x800'1ecd   0xcc  Code  Lc  user_app_sensor.o [1]
fevent_refresh_iwdg      0x800'1e21   0x1c  Code  Lc  user_app_sensor.o [1]
fevent_rs485_entry       0x800'a6f5    0x6  Code  Lc  user_app_rs485.o [1]
fevent_rs485_init_uart   0x800'a6fb   0x2e  Code  Lc  user_app_rs485.o [1]
fevent_rs485_init_uart::stamp
                        0x2000'2072    0x1  Data  Lc  user_app_rs485.o [1]
fevent_rs485_receive_complete
                         0x800'a729   0x16  Code  Lc  user_app_rs485.o [1]
fevent_rs485_refresh     0x800'a73f    0x6  Code  Lc  user_app_rs485.o [1]
fevent_sensor_dac        0x800'1d71   0x14  Code  Lc  user_app_sensor.o [1]
fevent_sensor_entry      0x800'1bc9   0x14  Code  Lc  user_app_sensor.o [1]
fevent_sensor_handle     0x800'1bdd  0x194  Code  Lc  user_app_sensor.o [1]
fevent_sensor_handle::Count_Disconnect
                        0x2000'2073    0x1  Data  Lc  user_app_sensor.o [1]
fevent_sensor_reset      0x800'1d85   0x2e  Code  Lc  user_app_sensor.o [1]
fevent_temp_alarm        0x800'1db3   0x6e  Code  Lc  user_app_sensor.o [1]
font7seg                 0x800'd7b4   0x24  Data  Lc  user_com_seg.o [1]
hdma_usart2_rx          0x2000'1e5c   0x48  Data  Gb  usart.o [1]
hi2c2                   0x2000'1db4   0x54  Data  Gb  i2c.o [1]
hiwdg                   0x2000'1fe4   0x10  Data  Gb  iwdg.o [1]
hlcd                    0x2000'1ea4   0x3c  Data  Gb  lcd.o [1]
hrtc                    0x2000'1f0c   0x24  Data  Gb  rtc.o [1]
huart2                  0x2000'1aac   0x88  Data  Gb  usart.o [1]
lcd_digit_map           0x2000'0ba8   0xa8  Data  Gb  user_com_seg.o [1]
lcd_dp_map              0x2000'0c50    0xc  Data  Gb  user_com_seg.o [1]
ldexp                    0x800'9895         Code  Gb  ldexp.o [3]
ldexpl                   0x800'9895         Code  Gb  ldexp.o [3]
lnbias                   0x800'ccd8  0x420  Data  Lc  pow64.o [3]
localeconv               0x800'b139    0x4  Code  Gb  xlocale_c.o [2]
log10                    0x800'4d29    0x4  Code  Gb  logx64.o [3]
log10l                   0x800'4d29    0x4  Code  Gb  logx64.o [3]
lower_digits            0x2000'0c64    0x4  Data  Lc  user_tiny_vsnprintf.o [1]
main                     0x800'7a61   0x2c  Code  Gb  main.o [1]
memchr                   0x800'b0b9         Code  Gb  memchr.o [4]
memset                   0x800'7a4d   0x14  Code  Gb  memset.o [4]
pFlash                  0x2000'0358   0x20  Data  Gb  stm32l4xx_hal_flash.o [1]
pFunc_UTIL_Debug_Send   0x2000'2060    0x4  Data  Gb  user_util.o [1]
pFunc_UTIL_Log_To_Mem   0x2000'205c    0x4  Data  Gb  user_util.o [1]
pModemProcessIRQTimer   0x2000'2050    0x4  Data  Gb  user_rtc.o [1]
pow                      0x800'4d2d  0x6ec  Code  Gb  pow64.o [3]
powl                     0x800'4d2d  0x6ec  Code  Gb  pow64.o [3]
sAlarm                  0x2000'1f50   0x1c  Data  Gb  user_app_sensor.o [1]
sButton                 0x2000'1f88   0x18  Data  Gb  button.o [1]
sCalibDAC               0x2000'201c    0x8  Data  Gb  user_app_sensor.o [1]
sCheckList_Reg_Modbus_RTU
                        0x2000'03f4  0x1f4  Data  Gb  user_app_modbus_rtu.o [1]
sCtrlLed                0x2000'2038    0x4  Data  Gb  user_app_sensor.o [1]
sEventAppComm           0x2000'037c   0x70  Data  Gb  user_app_comm.o [1]
sEventAppRs485          0x2000'061c   0x40  Data  Gb  user_app_rs485.o [1]
sEventAppSensor         0x2000'065c   0xa0  Data  Gb  user_app_sensor.o [1]
sEventDisplay           0x2000'000c   0x70  Data  Gb  lcd_display.o [1]
sIndexLCD               0x2000'00a8    0x4  Data  Gb  lcd_display.o [1]
sLCD                    0x2000'1ff4   0x10  Data  Gb  lcd_display.o [1]
sLCDObject              0x2000'00b4  0x2a0  Data  Gb  lcd_display.o [1]
sLogData_ModbusRTU      0x2000'0614    0x8  Data  Gb  user_app_modbus_rtu.o [1]
sMeasure                0x2000'1fd0   0x14  Data  Gb  user_app_sensor.o [1]
sOffset                 0x2000'2024    0x8  Data  Gb  user_app_sensor.o [1]
sParaDisplay            0x2000'007c   0x2c  Data  Gb  lcd_display.o [1]
sRTC                    0x2000'2010    0xc  Data  Gb  user_util.o [1]
sSensorTemp             0x2000'1f30   0x20  Data  Gb  user_app_sensor.o [1]
sSlave_ModbusRTU        0x2000'0ca4    0x2  Data  Gb  user_app_modbus_rtu.o [1]
sTempAlarm              0x2000'2004    0xc  Data  Gb  user_app_sensor.o [1]
sUart485                0x2000'0c5c    0x8  Data  Gb  user_rs485.o [1]
sUartDebug              0x2000'03ec    0x8  Data  Gb  user_app_comm.o [1]
scalbln                  0x800'9895         Code  Gb  ldexp.o [3]
scalblnl                 0x800'9895         Code  Gb  ldexp.o [3]
scalbn                   0x800'9895         Code  Gb  ldexp.o [3]
scalbnl                  0x800'9895         Code  Gb  ldexp.o [3]
scale                    0x800'9797   0x46  Code  Lc  xprintffull_nomb.o [2]
sec_hand                0x2000'2064    0x4  Data  Lc  xfail_s.o [2]
snprintf                 0x800'cba1   0x44  Code  Gb  snprintf.o [2]
sprintf                  0x800'744d   0x40  Code  Gb  sprintf.o [2]
strATcmd                0x2000'0700    0x8  Data  Gb  user_at_serial.o [1]
strchr                   0x800'b061         Code  Gb  strchr.o [4]
strlen                   0x800'71cd         Code  Gb  strlen.o [4]
strncpy                  0x800'cb31         Code  Gb  strncpy.o [4]
sztmp                   0x2000'155c  0x200  Data  Lc  user_adv_trace.o [1]
tiny_vsnprintf_like      0x800'9fe3  0x1d6  Code  Gb  user_tiny_vsnprintf.o [1]
upper_digits            0x2000'0c68    0x4  Data  Lc  user_tiny_vsnprintf.o [1]
uwTick                  0x2000'2030    0x4  Data  Gb  stm32l4xx_hal.o [1]
uwTickFreq              0x2000'0ca6    0x1  Data  Gb  stm32l4xx_hal.o [1]
uwTickPrio              0x2000'0354    0x4  Data  Gb  stm32l4xx_hal.o [1]
vcom_DeInit              0x800'875d   0x16  Code  Gb  user_app_comm.o [1]
vcom_Init                0x800'8753    0xa  Code  Gb  user_app_comm.o [1]
vcom_Trace_DMA           0x800'8773   0x24  Code  Gb  user_app_comm.o [1]


[1] = D:\Project_STM32\Temp_Humi_Viettel\Project_Temp_Humi_LCD_Ver_1\EWARM\Project_Temp_Humi_LCD\Obj
[2] = dl7M_tlf.a
[3] = m7M_tls.a
[4] = rt7M_tl.a
[5] = shb_l.a

  54'003 bytes of readonly  code memory
   4'713 bytes of readonly  data memory
   9'335 bytes of readwrite data memory

Errors: none
Warnings: none
